Component: ARM Compiler 5.06 update 7 (build 960) Tool: armlink [4d3601]

==============================================================================

Section Cross References

    mq7.o(i.MQ7_Init) refers to stm32f4xx_rcc.o(i.RCC_AHB1PeriphClockCmd) for RCC_AHB1PeriphClockCmd
    mq7.o(i.MQ7_Init) refers to stm32f4xx_gpio.o(i.GPIO_Init) for GPIO_Init
    mq7.o(i.MQ7_ReadDO) refers to stm32f4xx_gpio.o(i.GPIO_ReadInputDataBit) for GPIO_ReadInputDataBit
    oled.o(i.OLED_Clear) refers to oled.o(i.OLED_SetPos) for OLED_SetPos
    oled.o(i.OLED_Clear) refers to oled.o(i.OLED_WriteByte) for OLED_WriteByte
    oled.o(i.OLED_Config) refers to soft_iic.o(i.Soft_IIC_Config) for Soft_IIC_Config
    oled.o(i.OLED_Config) refers to delay.o(i.delay_ms) for delay_ms
    oled.o(i.OLED_Config) refers to oled.o(i.OLED_WriteByte) for OLED_WriteByte
    oled.o(i.OLED_Config) refers to oled.o(i.OLED_Clear) for OLED_Clear
    oled.o(i.OLED_SetPos) refers to oled.o(i.OLED_WriteByte) for OLED_WriteByte
    oled.o(i.OLED_ShowChar) refers to oled.o(i.OLED_SetPos) for OLED_SetPos
    oled.o(i.OLED_ShowChar) refers to oled.o(i.OLED_WriteByte) for OLED_WriteByte
    oled.o(i.OLED_ShowChar) refers to oled.o(.constdata) for OLED_F8x16
    oled.o(i.OLED_ShowString) refers to oled.o(i.OLED_ShowChar) for OLED_ShowChar
    oled.o(i.OLED_WriteByte) refers to soft_iic.o(i.Soft_IIC_Start) for Soft_IIC_Start
    oled.o(i.OLED_WriteByte) refers to soft_iic.o(i.Soft_IIC_Send) for Soft_IIC_Send
    oled.o(i.OLED_WriteByte) refers to soft_iic.o(i.Soft_IIC_SlaveAck) for Soft_IIC_SlaveAck
    oled.o(i.OLED_WriteByte) refers to soft_iic.o(i.Soft_IIC_Stop) for Soft_IIC_Stop
    soft_iic.o(i.SCL_Output_Mode) refers to stm32f4xx_gpio.o(i.GPIO_Init) for GPIO_Init
    soft_iic.o(i.SDA_Input_Mode) refers to stm32f4xx_rcc.o(i.RCC_AHB1PeriphClockCmd) for RCC_AHB1PeriphClockCmd
    soft_iic.o(i.SDA_Input_Mode) refers to stm32f4xx_gpio.o(i.GPIO_Init) for GPIO_Init
    soft_iic.o(i.SDA_Output_Mode) refers to stm32f4xx_rcc.o(i.RCC_AHB1PeriphClockCmd) for RCC_AHB1PeriphClockCmd
    soft_iic.o(i.SDA_Output_Mode) refers to stm32f4xx_gpio.o(i.GPIO_Init) for GPIO_Init
    soft_iic.o(i.Soft_IIC_Config) refers to soft_iic.o(i.SDA_Output_Mode) for SDA_Output_Mode
    soft_iic.o(i.Soft_IIC_Config) refers to soft_iic.o(i.SCL_Output_Mode) for SCL_Output_Mode
    soft_iic.o(i.Soft_IIC_Config) refers to stm32f4xx_gpio.o(i.GPIO_SetBits) for GPIO_SetBits
    soft_iic.o(i.Soft_IIC_MasterAck) refers to soft_iic.o(i.SDA_Output_Mode) for SDA_Output_Mode
    soft_iic.o(i.Soft_IIC_MasterAck) refers to stm32f4xx_gpio.o(i.GPIO_ResetBits) for GPIO_ResetBits
    soft_iic.o(i.Soft_IIC_MasterAck) refers to delay.o(i.delay_us) for delay_us
    soft_iic.o(i.Soft_IIC_MasterAck) refers to stm32f4xx_gpio.o(i.GPIO_SetBits) for GPIO_SetBits
    soft_iic.o(i.Soft_IIC_Receive) refers to soft_iic.o(i.SDA_Input_Mode) for SDA_Input_Mode
    soft_iic.o(i.Soft_IIC_Receive) refers to stm32f4xx_gpio.o(i.GPIO_ResetBits) for GPIO_ResetBits
    soft_iic.o(i.Soft_IIC_Receive) refers to delay.o(i.delay_us) for delay_us
    soft_iic.o(i.Soft_IIC_Receive) refers to stm32f4xx_gpio.o(i.GPIO_SetBits) for GPIO_SetBits
    soft_iic.o(i.Soft_IIC_Receive) refers to stm32f4xx_gpio.o(i.GPIO_ReadInputDataBit) for GPIO_ReadInputDataBit
    soft_iic.o(i.Soft_IIC_Send) refers to soft_iic.o(i.SDA_Output_Mode) for SDA_Output_Mode
    soft_iic.o(i.Soft_IIC_Send) refers to stm32f4xx_gpio.o(i.GPIO_ResetBits) for GPIO_ResetBits
    soft_iic.o(i.Soft_IIC_Send) refers to delay.o(i.delay_us) for delay_us
    soft_iic.o(i.Soft_IIC_Send) refers to stm32f4xx_gpio.o(i.GPIO_SetBits) for GPIO_SetBits
    soft_iic.o(i.Soft_IIC_SlaveAck) refers to soft_iic.o(i.SDA_Input_Mode) for SDA_Input_Mode
    soft_iic.o(i.Soft_IIC_SlaveAck) refers to stm32f4xx_gpio.o(i.GPIO_ResetBits) for GPIO_ResetBits
    soft_iic.o(i.Soft_IIC_SlaveAck) refers to delay.o(i.delay_us) for delay_us
    soft_iic.o(i.Soft_IIC_SlaveAck) refers to stm32f4xx_gpio.o(i.GPIO_SetBits) for GPIO_SetBits
    soft_iic.o(i.Soft_IIC_SlaveAck) refers to stm32f4xx_gpio.o(i.GPIO_ReadInputDataBit) for GPIO_ReadInputDataBit
    soft_iic.o(i.Soft_IIC_Start) refers to soft_iic.o(i.SDA_Output_Mode) for SDA_Output_Mode
    soft_iic.o(i.Soft_IIC_Start) refers to stm32f4xx_gpio.o(i.GPIO_SetBits) for GPIO_SetBits
    soft_iic.o(i.Soft_IIC_Start) refers to delay.o(i.delay_us) for delay_us
    soft_iic.o(i.Soft_IIC_Start) refers to stm32f4xx_gpio.o(i.GPIO_ResetBits) for GPIO_ResetBits
    soft_iic.o(i.Soft_IIC_Stop) refers to soft_iic.o(i.SDA_Output_Mode) for SDA_Output_Mode
    soft_iic.o(i.Soft_IIC_Stop) refers to stm32f4xx_gpio.o(i.GPIO_ResetBits) for GPIO_ResetBits
    soft_iic.o(i.Soft_IIC_Stop) refers to delay.o(i.delay_us) for delay_us
    soft_iic.o(i.Soft_IIC_Stop) refers to stm32f4xx_gpio.o(i.GPIO_SetBits) for GPIO_SetBits
    beep.o(i.BEEP_Config) refers to stm32f4xx_rcc.o(i.RCC_APB1PeriphClockCmd) for RCC_APB1PeriphClockCmd
[...]
    ../clib/microlib/init/entry.s            0x00000000   Number         0  entry8a.o ABSOLUTE
    ../clib/microlib/init/entry.s            0x00000000   Number         0  entry9a.o ABSOLUTE
    ../clib/microlib/init/entry.s            0x00000000   Number         0  entry9b.o ABSOLUTE
    ../clib/microlib/init/entry.s            0x00000000   Number         0  entry10a.o ABSOLUTE
    ../clib/microlib/init/entry.s            0x00000000   Number         0  entry10b.o ABSOLUTE
    ../clib/microlib/init/entry.s            0x00000000   Number         0  entry11b.o ABSOLUTE
    ../clib/microlib/init/entry.s            0x00000000   Number         0  entry12a.o ABSOLUTE
    ../clib/microlib/init/entry.s            0x00000000   Number         0  entry12b.o ABSOLUTE
    ../clib/microlib/init/entry.s            0x00000000   Number         0  entry.o ABSOLUTE
    ../clib/microlib/init/entry.s            0x00000000   Number         0  entry11a.o ABSOLUTE
    ../clib/microlib/longlong.c              0x00000000   Number         0  llsshr.o ABSOLUTE
    ../clib/microlib/longlong.c              0x00000000   Number         0  llushr.o ABSOLUTE
    ../clib/microlib/longlong.c              0x00000000   Number         0  llshl.o ABSOLUTE
    ../clib/microlib/printf/printf.c         0x00000000   Number         0  printfb.o ABSOLUTE
    ../clib/microlib/printf/printf.c         0x00000000   Number         0  printfa.o ABSOLUTE
    ../clib/microlib/printf/printf.c         0x00000000   Number         0  printf8.o ABSOLUTE
    ../clib/microlib/printf/printf.c         0x00000000   Number         0  printf6.o ABSOLUTE
    ../clib/microlib/printf/printf.c         0x00000000   Number         0  printf5.o ABSOLUTE
    ../clib/microlib/printf/printf.c         0x00000000   Number         0  printf4.o ABSOLUTE
    ../clib/microlib/printf/printf.c         0x00000000   Number         0  printf1.o ABSOLUTE
    ../clib/microlib/printf/printf.c         0x00000000   Number         0  printf3.o ABSOLUTE
    ../clib/microlib/printf/printf.c         0x00000000   Number         0  printf2.o ABSOLUTE
    ../clib/microlib/printf/printf.c         0x00000000   Number         0  printf0.o ABSOLUTE
    ../clib/microlib/printf/printf.c         0x00000000   Number         0  printf7.o ABSOLUTE
    ../clib/microlib/printf/stubs.s          0x00000000   Number         0  stubs.o ABSOLUTE
    ../clib/microlib/stdio/streams.c         0x00000000   Number         0  stdout.o ABSOLUTE
    ../clib/microlib/string/memcpy.c         0x00000000   Number         0  memcpya.o ABSOLUTE
    ../clib/microlib/string/memcpy.c         0x00000000   Number         0  memcpyb.o ABSOLUTE
    ../clib/microlib/string/memset.c         0x00000000   Number         0  memseta.o ABSOLUTE
    ../clib/microlib/string/strchr.c         0x00000000   Number         0  strchr.o ABSOLUTE
    ../clib/microlib/string/strcmp.c         0x00000000   Number         0  strcmp.o ABSOLUTE
    ../clib/microlib/string/strlen.c         0x00000000   Number         0  strlen.o ABSOLUTE
    ../clib/microlib/string/strstr.c         0x00000000   Number         0  strstr.o ABSOLUTE
    ../clib/microlib/stubs.s                 0x00000000   Number         0  iusefp.o ABSOLUTE
    ../fplib/microlib/d2f.c                  0x00000000   Number         0  d2f.o ABSOLUTE
    ../fplib/microlib/f2d.c                  0x00000000   Number         0  f2d.o ABSOLUTE
    ../fplib/microlib/fpadd.c                0x00000000   Number         0  dadd.o ABSOLUTE
    ../fplib/microlib/fpdiv.c                0x00000000   Number         0  ddiv.o ABSOLUTE
    ../fplib/microlib/fpepilogue.c           0x00000000   Number         0  depilogue.o ABSOLUTE
    ../fplib/microlib/fpepilogue.c           0x00000000   Number         0  fepilogue.o ABSOLUTE
    ../fplib/microlib/fpfix.c                0x00000000   Number         0  dfixul.o ABSOLUTE
    ../fplib/microlib/fpflt.c                0x00000000   Number         0  dfltui.o ABSOLUTE
    ../fplib/microlib/fpmul.c                0x00000000   Number         0  dmul.o ABSOLUTE
    ..\Driver\ADC.c                          0x00000000   Number         0  adc.o ABSOLUTE
    ..\Driver\BEEP.c                         0x00000000   Number         0  beep.o ABSOLUTE
    ..\Driver\DHT11.c                        0x00000000   Number         0  dht11.o ABSOLUTE
    ..\Driver\DMA.c                          0x00000000   Number         0  dma.o ABSOLUTE
    ..\Driver\EEPROM.c                       0x00000000   Number         0  eeprom.o ABSOLUTE
    ..\Driver\EXTI.c                         0x00000000   Number         0  exti.o ABSOLUTE
    ..\Driver\HallSensor.c                   0x00000000   Number         0  hallsensor.o ABSOLUTE
    ..\Driver\KEY.c                          0x00000000   Number         0  key.o ABSOLUTE
    ..\Driver\LED.c                          0x00000000   Number         0  led.o ABSOLUTE
    ..\Driver\MQ7.c                          0x00000000   Number         0  mq7.o ABSOLUTE
    ..\Driver\OLED.c                         0x00000000   Number         0  oled.o ABSOLUTE
    ..\Driver\RED.c                          0x00000000   Number         0  red.o ABSOLUTE
    ..\Driver\SERVO.c                        0x00000000   Number         0  servo.o ABSOLUTE
    ..\Driver\Soft_IIC.c                     0x00000000   Number         0  soft_iic.o ABSOLUTE
    ..\Driver\UART.c                         0x00000000   Number         0  uart.o ABSOLUTE
    ..\Driver\VoiceControl.c                 0x00000000   Number         0  voicecontrol.o ABSOLUTE
    ..\Driver\esp8266.c                      0x00000000   Number         0  esp8266.o ABSOLUTE
    ..\Driver\light_adc.c                    0x00000000   Number         0  light_adc.o ABSOLUTE
    ..\Driver\mqtt.c                         0x00000000   Number         0  mqtt.o ABSOLUTE
    ..\System\Delay.c                        0x00000000   Number         0  delay.o ABSOLUTE
    ..\User\main.c                           0x00000000   Number         0  main.o ABSOLUTE
    ..\\Driver\\ADC.c                        0x00000000   Number         0  adc.o ABSOLUTE
    ..\\Driver\\BEEP.c                       0x00000000   Number         0  beep.o ABSOLUTE
    ..\\Driver\\DHT11.c                      0x00000000   Number         0  dht11.o ABSOLUTE
    ..\\Driver\\DMA.c                        0x00000000   Number         0  dma.o ABSOLUTE
    ..\\Driver\\EEPROM.c                     0x00000000   Number         0  eeprom.o ABSOLUTE
    ..\\Driver\\EXTI.c                       0x00000000   Number         0  exti.o ABSOLUTE
    ..\\Driver\\HallSensor.c                 0x00000000   Number         0  hallsensor.o ABSOLUTE
    ..\\Driver\\KEY.c                        0x00000000   Number         0  key.o ABSOLUTE
    ..\\Driver\\LED.c                        0x00000000   Number         0  led.o ABSOLUTE
    ..\\Driver\\MQ7.c                        0x00000000   Number         0  mq7.o ABSOLUTE
    ..\\Driver\\OLED.c                       0x00000000   Number         0  oled.o ABSOLUTE
    ..\\Driver\\RED.c                        0x00000000   Number         0  red.o ABSOLUTE
    ..\\Driver\\SERVO.c                      0x00000000   Number         0  servo.o ABSOLUTE
    ..\\Driver\\Soft_IIC.c                   0x00000000   Number         0  soft_iic.o ABSOLUTE
    ..\\Driver\\UART.c                       0x00000000   Number         0  uart.o ABSOLUTE
    ..\\Driver\\VoiceControl.c               0x00000000   Number         0  voicecontrol.o ABSOLUTE
    ..\\Driver\\esp8266.c                    0x00000000   Number         0  esp8266.o ABSOLUTE
    ..\\Driver\\light_adc.c                  0x00000000   Number         0  light_adc.o ABSOLUTE
    ..\\Driver\\mqtt.c                       0x00000000   Number         0  mqtt.o ABSOLUTE
    ..\\System\\Delay.c                      0x00000000   Number         0  delay.o ABSOLUTE
    ..\\User\\main.c                         0x00000000   Number         0  main.o ABSOLUTE
    C:\Users\30544\AppData\Local\Arm\Packs\Keil\STM32F4xx_DFP\1.0.8\Device\StdPeriph_Driver\src\misc.c 0x00000000   Number         0  misc.o ABSOLUTE
    C:\Users\30544\AppData\Local\Arm\Packs\Keil\STM32F4xx_DFP\1.0.8\Device\StdPeriph_Driver\src\stm32f4xx_adc.c 0x00000000   Number         0  stm32f4xx_adc.o ABSOLUTE
    C:\Users\30544\AppData\Local\Arm\Packs\Keil\STM32F4xx_DFP\1.0.8\Device\StdPeriph_Driver\src\stm32f4xx_can.c 0x00000000   Number         0  stm32f4xx_can.o ABSOLUTE
    C:\Users\30544\AppData\Local\Arm\Packs\Keil\STM32F4xx_DFP\1.0.8\Device\StdPeriph_Driver\src\stm32f4xx_dma.c 0x00000000   Number         0  stm32f4xx_dma.o ABSOLUTE
    C:\Users\30544\AppData\Local\Arm\Packs\Keil\STM32F4xx_DFP\1.0.8\Device\StdPeriph_Driver\src\stm32f4xx_exti.c 0x00000000   Number         0  stm32f4xx_exti.o ABSOLUTE
    C:\Users\30544\AppData\Local\Arm\Packs\Keil\STM32F4xx_DFP\1.0.8\Device\StdPeriph_Driver\src\stm32f4xx_gpio.c 0x00000000   Number         0  stm32f4xx_gpio.o ABSOLUTE
    C:\Users\30544\AppData\Local\Arm\Packs\Keil\STM32F4xx_DFP\1.0.8\Device\StdPeriph_Driver\src\stm32f4xx_iwdg.c 0x00000000   Number         0  stm32f4xx_iwdg.o ABSOLUTE
    C:\Users\30544\AppData\Local\Arm\Packs\Keil\STM32F4xx_DFP\1.0.8\Device\StdPeriph_Driver\src\stm32f4xx_pwr.c 0x00000000   Number         0  stm32f4xx_pwr.o ABSOLUTE
    C:\Users\30544\AppData\Local\Arm\Packs\Keil\STM32F4xx_DFP\1.0.8\Device\StdPeriph_Driver\src\stm32f4xx_rcc.c 0x00000000   Number         0  stm32f4xx_rcc.o ABSOLUTE
    C:\Users\30544\AppData\Local\Arm\Packs\Keil\STM32F4xx_DFP\1.0.8\Device\StdPeriph_Driver\src\stm32f4xx_rtc.c 0x00000000   Number         0  stm32f4xx_rtc.o ABSOLUTE
    C:\Users\30544\AppData\Local\Arm\Packs\Keil\STM32F4xx_DFP\1.0.8\Device\StdPeriph_Driver\src\stm32f4xx_syscfg.c 0x00000000   Number         0  stm32f4xx_syscfg.o ABSOLUTE
    C:\Users\30544\AppData\Local\Arm\Packs\Keil\STM32F4xx_DFP\1.0.8\Device\StdPeriph_Driver\src\stm32f4xx_tim.c 0x00000000   Number         0  stm32f4xx_tim.o ABSOLUTE
    C:\Users\30544\AppData\Local\Arm\Packs\Keil\STM32F4xx_DFP\1.0.8\Device\StdPeriph_Driver\src\stm32f4xx_usart.c 0x00000000   Number         0  stm32f4xx_usart.o ABSOLUTE
    C:\Users\30544\AppData\Local\Arm\Packs\Keil\STM32F4xx_DFP\1.0.8\Device\StdPeriph_Driver\src\stm32f4xx_wwdg.c 0x00000000   Number         0  stm32f4xx_wwdg.o ABSOLUTE
    C:\\Users\\30544\\AppData\\Local\\Arm\\Packs\\Keil\\STM32F4xx_DFP\\1.0.8\\Device\\StdPeriph_Driver\\src\\misc.c 0x00000000   Number         0  misc.o ABSOLUTE
    C:\\Users\\30544\\AppData\\Local\\Arm\\Packs\\Keil\\STM32F4xx_DFP\\1.0.8\\Device\\StdPeriph_Driver\\src\\stm32f4xx_adc.c 0x00000000   Number         0  stm32f4xx_adc.o ABSOLUTE
    C:\\Users\\30544\\AppData\\Local\\Arm\\Packs\\Keil\\STM32F4xx_DFP\\1.0.8\\Device\\StdPeriph_Driver\\src\\stm32f4xx_can.c 0x00000000   Number         0  stm32f4xx_can.o ABSOLUTE
    C:\\Users\\30544\\AppData\\Local\\Arm\\Packs\\Keil\\STM32F4xx_DFP\\1.0.8\\Device\\StdPeriph_Driver\\src\\stm32f4xx_dma.c 0x00000000   Number         0  stm32f4xx_dma.o ABSOLUTE
    C:\\Users\\30544\\AppData\\Local\\Arm\\Packs\\Keil\\STM32F4xx_DFP\\1.0.8\\Device\\StdPeriph_Driver\\src\\stm32f4xx_exti.c 0x00000000   Number         0  stm32f4xx_exti.o ABSOLUTE
    C:\\Users\\30544\\AppData\\Local\\Arm\\Packs\\Keil\\STM32F4xx_DFP\\1.0.8\\Device\\StdPeriph_Driver\\src\\stm32f4xx_gpio.c 0x00000000   Number         0  stm32f4xx_gpio.o ABSOLUTE
    C:\\Users\\30544\\AppData\\Local\\Arm\\Packs\\Keil\\STM32F4xx_DFP\\1.0.8\\Device\\StdPeriph_Driver\\src\\stm32f4xx_iwdg.c 0x00000000   Number         0  stm32f4xx_iwdg.o ABSOLUTE
    C:\\Users\\30544\\AppData\\Local\\Arm\\Packs\\Keil\\STM32F4xx_DFP\\1.0.8\\Device\\StdPeriph_Driver\\src\\stm32f4xx_pwr.c 0x00000000   Number         0  stm32f4xx_pwr.o ABSOLUTE
    C:\\Users\\30544\\AppData\\Local\\Arm\\Packs\\Keil\\STM32F4xx_DFP\\1.0.8\\Device\\StdPeriph_Driver\\src\\stm32f4xx_rcc.c 0x00000000   Number         0  stm32f4xx_rcc.o ABSOLUTE
    C:\\Users\\30544\\AppData\\Local\\Arm\\Packs\\Keil\\STM32F4xx_DFP\\1.0.8\\Device\\StdPeriph_Driver\\src\\stm32f4xx_rtc.c 0x00000000   Number         0  stm32f4xx_rtc.o ABSOLUTE
    C:\\Users\\30544\\AppData\\Local\\Arm\\Packs\\Keil\\STM32F4xx_DFP\\1.0.8\\Device\\StdPeriph_Driver\\src\\stm32f4xx_syscfg.c 0x00000000   Number         0  stm32f4xx_syscfg.o ABSOLUTE
    C:\\Users\\30544\\AppData\\Local\\Arm\\Packs\\Keil\\STM32F4xx_DFP\\1.0.8\\Device\\StdPeriph_Driver\\src\\stm32f4xx_tim.c 0x00000000   Number         0  stm32f4xx_tim.o ABSOLUTE
    C:\\Users\\30544\\AppData\\Local\\Arm\\Packs\\Keil\\STM32F4xx_DFP\\1.0.8\\Device\\StdPeriph_Driver\\src\\stm32f4xx_usart.c 0x00000000   Number         0  stm32f4xx_usart.o ABSOLUTE
    C:\\Users\\30544\\AppData\\Local\\Arm\\Packs\\Keil\\STM32F4xx_DFP\\1.0.8\\Device\\StdPeriph_Driver\\src\\stm32f4xx_wwdg.c 0x00000000   Number         0  stm32f4xx_wwdg.o ABSOLUTE
    RTE\Device\STM32F407ZE\startup_stm32f40_41xxx.s 0x00000000   Number         0  startup_stm32f40_41xxx.o ABSOLUTE
    RTE\Device\STM32F407ZE\system_stm32f4xx.c 0x00000000   Number         0  system_stm32f4xx.o ABSOLUTE
    RTE\\Device\\STM32F407ZE\\system_stm32f4xx.c 0x00000000   Number         0  system_stm32f4xx.o ABSOLUTE
    cdrcmple.s                               0x00000000   Number         0  cdrcmple.o ABSOLUTE
    dc.s                                     0x00000000   Number         0  dc.o ABSOLUTE
    handlers.s                               0x00000000   Number         0  handlers.o ABSOLUTE
    init.s                                   0x00000000   Number         0  init.o ABSOLUTE
    RESET                                    0x08000000   Section      392  startup_stm32f40_41xxx.o(RESET)
    .ARM.Collect$$$$00000000                 0x08000188   Section        0  entry.o(.ARM.Collect$$$$00000000)
    .ARM.Collect$$$$00000001                 0x08000188   Section        4  entry2.o(.ARM.Collect$$$$00000001)
    .ARM.Collect$$$$00000004                 0x0800018c   Section        4  entry5.o(.ARM.Collect$$$$00000004)
    .ARM.Collect$$$$00000008                 0x08000190   Section        0  entry7b.o(.ARM.Collect$$$$00000008)
    .ARM.Collect$$$$0000000A                 0x08000190   Section        0  entry8b.o(.ARM.Collect$$$$0000000A)
    .ARM.Collect$$$$0000000B                 0x08000190   Section        8  entry9a.o(.ARM.Collect$$$$0000000B)
    .ARM.Collect$$$$0000000E                 0x08000198   Section        4  entry12b.o(.ARM.Collect$$$$0000000E)
    .ARM.Collect$$$$0000000F                 0x0800019c   Section        0  entry10a.o(.ARM.Collect$$$$0000000F)
    .ARM.Collect$$$$00000011                 0x0800019c   Section        0  entry11a.o(.ARM.Collect$$$$00000011)
    .ARM.Collect$$$$00002712                 0x0800019c   Section        4  entry2.o(.ARM.Collect$$$$00002712)
    __lit__00000000                          0x0800019c   Data           4  entry2.o(.ARM.Collect$$$$00002712)
    .text                                    0x080001a0   Section       36  startup_stm32f40_41xxx.o(.text)
    $v0                                      0x080001a0   Number         0  startup_stm32f40_41xxx.o(.text)
    .text                                    0x080001c4   Section        0  memcpya.o(.text)
    .text                                    0x080001e8   Section        0  memseta.o(.text)
    .text                                    0x0800020c   Section        0  strlen.o(.text)
    .text                                    0x0800021a   Section        0  strcmp.o(.text)
    .text                                    0x08000236   Section        0  dadd.o(.text)
    .text                                    0x08000384   Section        0  dmul.o(.text)
    .text                                    0x08000468   Section        0  ddiv.o(.text)
    .text                                    0x08000546   Section        0  dfltui.o(.text)
    .text                                    0x08000560   Section        0  f2d.o(.text)
    .text                                    0x08000586   Section        0  d2f.o(.text)
    .text                                    0x080005be   Section        0  uidiv.o(.text)
    .text                                    0x080005ea   Section        0  uldiv.o(.text)
    .text                                    0x0800064c   Section        0  llshl.o(.text)
    .text                                    0x0800066a   Section        0  llsshr.o(.text)
    .text                                    0x0800068e   Section        0  fepilogue.o(.text)
    .text                                    0x0800068e   Section        0  iusefp.o(.text)
    .text                                    0x080006fc   Section        0  depilogue.o(.text)
    .text                                    0x080007b6   Section        0  dfixul.o(.text)
    .text                                    0x080007e8   Section       48  cdrcmple.o(.text)
    .text                                    0x08000818   Section       36  init.o(.text)
    .text                                    0x0800083c   Section        0  llushr.o(.text)
    i.ADC3_Config                            0x0800085c   Section        0  adc.o(i.ADC3_Config)
    i.ADC_Cmd                                0x080008b8   Section        0  stm32f4xx_adc.o(i.ADC_Cmd)
    i.ADC_GetConversionValue                 0x080008ce   Section        0  stm32f4xx_adc.o(i.ADC_GetConversionValue)
    i.ADC_GetFlagStatus                      0x080008d6   Section        0  stm32f4xx_adc.o(i.ADC_GetFlagStatus)
    i.ADC_Init                               0x080008e8   Section        0  stm32f4xx_adc.o(i.ADC_Init)
    i.ADC_RegularChannelConfig               0x0800093c   Section        0  stm32f4xx_adc.o(i.ADC_RegularChannelConfig)
    i.ADC_SoftwareStartConv                  0x080009f4   Section        0  stm32f4xx_adc.o(i.ADC_SoftwareStartConv)
    i.DHT11_ACK                              0x08000a00   Section        0  dht11.o(i.DHT11_ACK)
    i.DHT11_IN                               0x08000ac4   Section        0  dht11.o(i.DHT11_IN)
    i.DHT11_OUT_Config                       0x08000ae4   Section        0  dht11.o(i.DHT11_OUT_Config)
    i.DoorStatusToStr                        0x08000b1c   Section        0  main.o(i.DoorStatusToStr)
    DoorStatusToStr                          0x08000b1d   Thumb Code    12  main.o(i.DoorStatusToStr)
    i.EXTI2_IRQHandler                       0x08000b3c   Section        0  exti.o(i.EXTI2_IRQHandler)
    i.EXTI3_IRQHandler                       0x08000b58   Section        0  exti.o(i.EXTI3_IRQHandler)
    i.EXTI_ClearITPendingBit                 0x08000b74   Section        0  stm32f4xx_exti.o(i.EXTI_ClearITPendingBit)
    i.EXTI_GetITStatus                       0x08000b80   Section        0  stm32f4xx_exti.o(i.EXTI_GetITStatus)
    i.GPIO_Init                              0x08000b98   Section        0  stm32f4xx_gpio.o(i.GPIO_Init)
    i.GPIO_PinAFConfig                       0x08000c28   Section        0  stm32f4xx_gpio.o(i.GPIO_PinAFConfig)
    i.GPIO_ReadInputDataBit                  0x08000c6e   Section        0  stm32f4xx_gpio.o(i.GPIO_ReadInputDataBit)
    i.GPIO_ResetBits                         0x08000c80   Section        0  stm32f4xx_gpio.o(i.GPIO_ResetBits)
    i.GPIO_SetBits                           0x08000c84   Section        0  stm32f4xx_gpio.o(i.GPIO_SetBits)
    i.GPIO_ToggleBits                        0x08000c88   Section        0  stm32f4xx_gpio.o(i.GPIO_ToggleBits)
    i.GetLux                                 0x08000c90   Section        0  light_adc.o(i.GetLux)
    i.Get_Adc                                0x08000cf8   Section        0  adc.o(i.Get_Adc)
    i.Get_Adc_Average                        0x08000d26   Section        0  adc.o(i.Get_Adc_Average)
    i.Get_DHT11_Data                         0x08000d5c   Section        0  dht11.o(i.Get_DHT11_Data)
    i.Get_Last_Value                         0x08000e9c   Section        0  adc.o(i.Get_Last_Value)
    i.HallSensor_Init                        0x08000ef0   Section        0  hallsensor.o(i.HallSensor_Init)
    i.HallSensor_ReadStableStatus            0x08000f20   Section        0  hallsensor.o(i.HallSensor_ReadStableStatus)
    i.HallSensor_ReadStatus                  0x08000f64   Section        0  hallsensor.o(i.HallSensor_ReadStatus)
    i.KEY_Config                             0x08000f7c   Section        0  key.o(i.KEY_Config)
    i.KEY_Scanf                              0x08000fac   Section        0  key.o(i.KEY_Scanf)
    i.LED_Config                             0x08000fe8   Section        0  led.o(i.LED_Config)
    i.LED_Water                              0x08001024   Section        0  led.o(i.LED_Water)
    i.MQ7_Init                               0x0800106c   Section        0  mq7.o(i.MQ7_Init)
    i.MQ7_ReadDO                             0x0800109c   Section        0  mq7.o(i.MQ7_ReadDO)
    i.MQTT_Clear                             0x080010b8   Section        0  mqtt.o(i.MQTT_Clear)
    i.MQTT_PublicTopic                       0x080010dc   Section        0  mqtt.o(i.MQTT_PublicTopic)
    i.MQTT_SendData                          0x08001208   Section        0  mqtt.o(i.MQTT_SendData)
    i.NVIC_Init                              0x08001220   Section        0  misc.o(i.NVIC_Init)
    i.NVIC_PriorityGroupConfig               0x08001298   Section        0  misc.o(i.NVIC_PriorityGroupConfig)
    i.OLED_Clear                             0x080012ac   Section        0  oled.o(i.OLED_Clear)
    i.OLED_Config                            0x080012d8   Section        0  oled.o(i.OLED_Config)
    i.OLED_SetPos                            0x080013a2   Section        0  oled.o(i.OLED_SetPos)
    i.OLED_ShowChar                          0x080013cc   Section        0  oled.o(i.OLED_ShowChar)
    i.OLED_ShowString                        0x0800142c   Section        0  oled.o(i.OLED_ShowString)
    i.OLED_WriteByte                         0x08001456   Section        0  oled.o(i.OLED_WriteByte)
    i.RCC_AHB1PeriphClockCmd                 0x08001484   Section        0  stm32f4xx_rcc.o(i.RCC_AHB1PeriphClockCmd)
    i.RCC_APB1PeriphClockCmd                 0x080014a4   Section        0  stm32f4xx_rcc.o(i.RCC_APB1PeriphClockCmd)
    i.RCC_APB2PeriphClockCmd                 0x080014c4   Section        0  stm32f4xx_rcc.o(i.RCC_APB2PeriphClockCmd)
    i.RCC_GetClocksFreq                      0x080014e4   Section        0  stm32f4xx_rcc.o(i.RCC_GetClocksFreq)
    i.RED_Config                             0x080015cc   Section        0  red.o(i.RED_Config)
    i.RED_ReadStable                         0x080015fc   Section        0  main.o(i.RED_ReadStable)
    RED_ReadStable                           0x080015fd   Thumb Code    58  main.o(i.RED_ReadStable)
    i.Read_Byte                              0x0800163c   Section        0  dht11.o(i.Read_Byte)
    i.SCL_Output_Mode                        0x080016a0   Section        0  soft_iic.o(i.SCL_Output_Mode)
    i.SDA_Input_Mode                         0x080016cc   Section        0  soft_iic.o(i.SDA_Input_Mode)
    i.SDA_Output_Mode                        0x080016f8   Section        0  soft_iic.o(i.SDA_Output_Mode)
    i.SERVO360_SetSpeed                      0x0800172c   Section        0  servo.o(i.SERVO360_SetSpeed)
    i.SERVO360_Stop                          0x08001758   Section        0  servo.o(i.SERVO360_Stop)
    i.SERVO_Config                           0x0800176c   Section        0  servo.o(i.SERVO_Config)
    i.SERVO_TEXT                             0x0800183c   Section        0  servo.o(i.SERVO_TEXT)
    i.SetSysClock                            0x08001864   Section        0  system_stm32f4xx.o(i.SetSysClock)
    SetSysClock                              0x08001865   Thumb Code   220  system_stm32f4xx.o(i.SetSysClock)
    i.ShowFrontBack                          0x08001950   Section        0  main.o(i.ShowFrontBack)
    ShowFrontBack                            0x08001951   Thumb Code    56  main.o(i.ShowFrontBack)
    i.ShowMainMenu                           0x080019c4   Section        0  main.o(i.ShowMainMenu)
    ShowMainMenu                             0x080019c5   Thumb Code    38  main.o(i.ShowMainMenu)
    i.ShowSafetyOnce                         0x08001a18   Section        0  main.o(i.ShowSafetyOnce)
    ShowSafetyOnce                           0x08001a19   Thumb Code   276  main.o(i.ShowSafetyOnce)
    i.ShowSeatMenu                           0x08001b84   Section        0  main.o(i.ShowSeatMenu)
    ShowSeatMenu                             0x08001b85   Thumb Code    38  main.o(i.ShowSeatMenu)
    i.ShowTilt                               0x08001bd4   Section        0  main.o(i.ShowTilt)
    ShowTilt                                 0x08001bd5   Thumb Code    56  main.o(i.ShowTilt)
    i.ShowWelcome                            0x08001c48   Section        0  main.o(i.ShowWelcome)
    ShowWelcome                              0x08001c49   Thumb Code    28  main.o(i.ShowWelcome)
    i.Soft_IIC_Config                        0x08001c7c   Section        0  soft_iic.o(i.Soft_IIC_Config)
    i.Soft_IIC_Send                          0x08001ca0   Section        0  soft_iic.o(i.Soft_IIC_Send)
    i.Soft_IIC_SlaveAck                      0x08001d1c   Section        0  soft_iic.o(i.Soft_IIC_SlaveAck)
    i.Soft_IIC_Start                         0x08001d6c   Section        0  soft_iic.o(i.Soft_IIC_Start)
    i.Soft_IIC_Stop                          0x08001dac   Section        0  soft_iic.o(i.Soft_IIC_Stop)
    i.Start_DHT11                            0x08001dec   Section        0  dht11.o(i.Start_DHT11)
    i.SysTick_Handler                        0x08001e18   Section        0  delay.o(i.SysTick_Handler)
    i.SystemInit                             0x08001e28   Section        0  system_stm32f4xx.o(i.SystemInit)
    i.TIM_ARRPreloadConfig                   0x08001e90   Section        0  stm32f4xx_tim.o(i.TIM_ARRPreloadConfig)
    i.TIM_Cmd                                0x08001ea8   Section        0  stm32f4xx_tim.o(i.TIM_Cmd)
    i.TIM_OC3Init                            0x08001ec0   Section        0  stm32f4xx_tim.o(i.TIM_OC3Init)
    i.TIM_OC3PreloadConfig                   0x08001f60   Section        0  stm32f4xx_tim.o(i.TIM_OC3PreloadConfig)
    i.TIM_OC4Init                            0x08001f74   Section        0  stm32f4xx_tim.o(i.TIM_OC4Init)
    i.TIM_OC4PreloadConfig                   0x08001fec   Section        0  stm32f4xx_tim.o(i.TIM_OC4PreloadConfig)
    i.TIM_OCStructInit                       0x08002006   Section        0  stm32f4xx_tim.o(i.TIM_OCStructInit)
    i.TIM_SetCompare3                        0x0800201a   Section        0  stm32f4xx_tim.o(i.TIM_SetCompare3)
    i.TIM_SetCompare4                        0x0800201e   Section        0  stm32f4xx_tim.o(i.TIM_SetCompare4)
    i.TIM_TimeBaseInit                       0x08002024   Section        0  stm32f4xx_tim.o(i.TIM_TimeBaseInit)
    i.TIM_TimeBaseStructInit                 0x080020a8   Section        0  stm32f4xx_tim.o(i.TIM_TimeBaseStructInit)
    i.UART1_Config                           0x080020bc   Section        0  uart.o(i.UART1_Config)
    i.UART2_Config                           0x0800217c   Section        0  uart.o(i.UART2_Config)
    i.UART3_Config                           0x08002238   Section        0  uart.o(i.UART3_Config)
    i.USART1_IRQHandler                      0x080022f0   Section        0  uart.o(i.USART1_IRQHandler)
    i.USART2_IRQHandler                      0x08002398   Section        0  uart.o(i.USART2_IRQHandler)
    i.USART3_IRQHandler                      0x080023e4   Section        0  esp8266.o(i.USART3_IRQHandler)
    i.USART_ClearITPendingBit                0x08002444   Section        0  stm32f4xx_usart.o(i.USART_ClearITPendingBit)
    i.USART_Cmd                              0x08002462   Section        0  stm32f4xx_usart.o(i.USART_Cmd)
    i.USART_GetFlagStatus                    0x0800247a   Section        0  stm32f4xx_usart.o(i.USART_GetFlagStatus)
    i.USART_GetITStatus                      0x08002494   Section        0  stm32f4xx_usart.o(i.USART_GetITStatus)
    i.USART_ITConfig                         0x080024e8   Section        0  stm32f4xx_usart.o(i.USART_ITConfig)
    i.USART_Init                             0x08002534   Section        0  stm32f4xx_usart.o(i.USART_Init)
    i.USART_ReceiveData                      0x08002608   Section        0  stm32f4xx_usart.o(i.USART_ReceiveData)
    i.USART_SendData                         0x08002612   Section        0  stm32f4xx_usart.o(i.USART_SendData)
    i.Usart_SendArray                        0x0800261a   Section        0  uart.o(i.Usart_SendArray)
    i.Usart_SendByte                         0x0800264a   Section        0  uart.o(i.Usart_SendByte)
    i.VoiceControl_HandleCommand             0x08002668   Section        0  voicecontrol.o(i.VoiceControl_HandleCommand)
    i.__0printf                              0x0800273c   Section        0  printfa.o(i.__0printf)
    i.__0snprintf                            0x0800275c   Section        0  printfa.o(i.__0snprintf)
    i.__0sprintf                             0x08002790   Section        0  printfa.o(i.__0sprintf)
    i.__scatterload_copy                     0x080027b8   Section       14  handlers.o(i.__scatterload_copy)
    i.__scatterload_null                     0x080027c6   Section        2  handlers.o(i.__scatterload_null)
    i.__scatterload_zeroinit                 0x080027c8   Section       14  handlers.o(i.__scatterload_zeroinit)
    i._fp_digits                             0x080027d8   Section        0  printfa.o(i._fp_digits)
    _fp_digits                               0x080027d9   Thumb Code   366  printfa.o(i._fp_digits)
    i._printf_core                           0x0800295c   Section        0  printfa.o(i._printf_core)
    _printf_core                             0x0800295d   Thumb Code  1704  printfa.o(i._printf_core)
    i._printf_post_padding                   0x08003010   Section        0  printfa.o(i._printf_post_padding)
    _printf_post_padding                     0x08003011   Thumb Code    36  printfa.o(i._printf_post_padding)
    i._printf_pre_padding                    0x08003034   Section        0  printfa.o(i._printf_pre_padding)
    _printf_pre_padding                      0x08003035   Thumb Code    46  printfa.o(i._printf_pre_padding)
    i._snputc                                0x08003062   Section        0  printfa.o(i._snputc)
    _snputc                                  0x08003063   Thumb Code    22  printfa.o(i._snputc)
    i._sputc                                 0x08003078   Section        0  printfa.o(i._sputc)
    _sputc                                   0x08003079   Thumb Code    10  printfa.o(i._sputc)
    i.delay_ms                               0x08003082   Section        0  hallsensor.o(i.delay_ms)
    delay_ms                                 0x08003083   Thumb Code    22  hallsensor.o(i.delay_ms)
    i.delay_ms                               0x08003098   Section        0  delay.o(i.delay_ms)
    i.delay_s                                0x080030cc   Section        0  delay.o(i.delay_s)
    i.delay_us                               0x080030ec   Section        0  delay.o(i.delay_us)
    i.fputc                                  0x08003124   Section        0  uart.o(i.fputc)
    i.main                                   0x08003148   Section        0  main.o(i.main)
    .constdata                               0x08003578   Section     1520  oled.o(.constdata)
    .constdata                               0x08003b68   Section     1124  light_adc.o(.constdata)
    .constdata                               0x08003fcc   Section        8  main.o(.constdata)
    tilt_sequence                            0x08003fcc   Data           8  main.o(.constdata)
    .conststring                             0x08003fd4   Section      222  mqtt.o(.conststring)
    .conststring                             0x080040b4   Section       66  main.o(.conststring)
    .data                                    0x20000000   Section        8  led.o(.data)
    .data                                    0x20000008   Section        2  exti.o(.data)
    .data                                    0x2000000c   Section       15  esp8266.o(.data)
    .data                                    0x2000001c   Section        4  mqtt.o(.data)
    .data                                    0x20000020   Section        3  uart.o(.data)
    .data                                    0x20000023   Section        1  hallsensor.o(.data)
    last_status                              0x20000023   Data           1  hallsensor.o(.data)
    .data                                    0x20000024   Section       18  voicecontrol.o(.data)
    tilt_sequence                            0x20000024   Data          12  voicecontrol.o(.data)
    tilt_index                               0x20000030   Data           4  voicecontrol.o(.data)
    top_light_status                         0x20000034   Data           1  voicecontrol.o(.data)
    ambient_light_status                     0x20000035   Data           1  voicecontrol.o(.data)
    .data                                    0x20000038   Section       18  main.o(.data)
    seat_position                            0x20000038   Data           4  main.o(.data)
    seat_tilt                                0x2000003c   Data           4  main.o(.data)
    tilt_index                               0x20000040   Data           4  main.o(.data)
    g_temp                                   0x20000044   Data           4  main.o(.data)
    co_motor_running                         0x20000048   Data           1  main.o(.data)
    person_motor_running                     0x20000049   Data           1  main.o(.data)
    .data                                    0x2000004c   Section        4  delay.o(.data)
    uwTick                                   0x2000004c   Data           4  delay.o(.data)
    .data                                    0x20000050   Section       16  stm32f4xx_rcc.o(.data)
    APBAHBPrescTable                         0x20000050   Data          16  stm32f4xx_rcc.o(.data)
    .data                                    0x20000060   Section        4  stdout.o(.data)
    .bss                                     0x20000064   Section     2304  esp8266.o(.bss)
    .bss                                     0x20000964   Section      512  mqtt.o(.bss)
    .bss                                     0x20000b64   Section      512  uart.o(.bss)
    STACK                                    0x20000d68   Section     1024  startup_stm32f40_41xxx.o(STACK)

    Global Symbols

    Symbol Name                              Value     Ov Type        Size  Object(Section)

    BuildAttributes$$THM_ISAv4$E$P$D$K$B$S$7EM$VFPi3$EXTD16$VFPS$VFMA$PE$A:L22UL41UL21$X:L11$S22US41US21$IEEE1$IW$USESV6$~STKCKD$USESV7$~SHL$OTIME$ROPI$EBA8$MICROLIB$REQ8$PRES8$EABIv2 0x00000000   Number         0  anon$$obj.o ABSOLUTE
    __ARM_use_no_argv                        0x00000000   Number         0  main.o ABSOLUTE
    _printf_a                                0x00000000   Number         0  stubs.o ABSOLUTE
    _printf_c                                0x00000000   Number         0  stubs.o ABSOLUTE
    _printf_charcount                        0x00000000   Number         0  stubs.o ABSOLUTE
    _printf_d                                0x00000000   Number         0  stubs.o ABSOLUTE
    _printf_e                                0x00000000   Number         0  stubs.o ABSOLUTE
    _printf_f                                0x00000000   Number         0  stubs.o ABSOLUTE
    _printf_flags                            0x00000000   Number         0  stubs.o ABSOLUTE
    _printf_fp_dec                           0x00000000   Number         0  stubs.o ABSOLUTE
    _printf_fp_hex                           0x00000000   Number         0  stubs.o ABSOLUTE
    _printf_g                                0x00000000   Number         0  stubs.o ABSOLUTE
    _printf_i                                0x00000000   Number         0  stubs.o ABSOLUTE
    _printf_int_dec                          0x00000000   Number         0  stubs.o ABSOLUTE
    _printf_l                                0x00000000   Number         0  stubs.o ABSOLUTE
    _printf_lc                               0x00000000   Number         0  stubs.o ABSOLUTE
    _printf_ll                               0x00000000   Number         0  stubs.o ABSOLUTE
    _printf_lld                              0x00000000   Number         0  stubs.o ABSOLUTE
    _printf_lli                              0x00000000   Number         0  stubs.o ABSOLUTE
    _printf_llo                              0x00000000   Number         0  stubs.o ABSOLUTE
    _printf_llu                              0x00000000   Number         0  stubs.o ABSOLUTE
    _printf_llx                              0x00000000   Number         0  stubs.o ABSOLUTE
    _printf_longlong_dec                     0x00000000   Number         0  stubs.o ABSOLUTE
    _printf_longlong_hex                     0x00000000   Number         0  stubs.o ABSOLUTE
    _printf_longlong_oct                     0x00000000   Number         0  stubs.o ABSOLUTE
    _printf_ls                               0x00000000   Number         0  stubs.o ABSOLUTE
    _printf_mbtowc                           0x00000000   Number         0  stubs.o ABSOLUTE
    _printf_n                                0x00000000   Number         0  stubs.o ABSOLUTE
    _printf_o                                0x00000000   Number         0  stubs.o ABSOLUTE
    _printf_p                                0x00000000   Number         0  stubs.o ABSOLUTE
    _printf_percent                          0x00000000   Number         0  stubs.o ABSOLUTE
    _printf_pre_padding                      0x00000000   Number         0  stubs.o ABSOLUTE
    _printf_return_value                     0x00000000   Number         0  stubs.o ABSOLUTE
    _printf_s                                0x00000000   Number         0  stubs.o ABSOLUTE
    _printf_sizespec                         0x00000000   Number         0  stubs.o ABSOLUTE
    _printf_str                              0x00000000   Number         0  stubs.o ABSOLUTE
    _printf_truncate_signed                  0x00000000   Number         0  stubs.o ABSOLUTE
    _printf_truncate_unsigned                0x00000000   Number         0  stubs.o ABSOLUTE
    _printf_u                                0x00000000   Number         0  stubs.o ABSOLUTE
    _printf_wc                               0x00000000   Number         0  stubs.o ABSOLUTE
    _printf_wctomb                           0x00000000   Number         0  stubs.o ABSOLUTE
    _printf_widthprec                        0x00000000   Number         0  stubs.o ABSOLUTE
    _printf_x                                0x00000000   Number         0  stubs.o ABSOLUTE
    __arm_fini_                               - Undefined Weak Reference
    __cpp_initialize__aeabi_                  - Undefined Weak Reference
    __cxa_finalize                            - Undefined Weak Reference
    __decompress                              - Undefined Weak Reference
    _clock_init                               - Undefined Weak Reference
    _microlib_exit                            - Undefined Weak Reference
    __Vectors_Size                           0x00000188   Number         0  startup_stm32f40_41xxx.o ABSOLUTE
    __Vectors                                0x08000000   Data           4  startup_stm32f40_41xxx.o(RESET)
    __Vectors_End                            0x08000188   Data           0  startup_stm32f40_41xxx.o(RESET)
    __main                                   0x08000189   Thumb Code     0  entry.o(.ARM.Collect$$$$00000000)
    _main_stk                                0x08000189   Thumb Code     0  entry2.o(.ARM.Collect$$$$00000001)
    _main_scatterload                        0x0800018d   Thumb Code     0  entry5.o(.ARM.Collect$$$$00000004)
    __main_after_scatterload                 0x08000191   Thumb Code     0  entry5.o(.ARM.Collect$$$$00000004)
    _main_clock                              0x08000191   Thumb Code     0  entry7b.o(.ARM.Collect$$$$00000008)
    _main_cpp_init                           0x08000191   Thumb Code     0  entry8b.o(.ARM.Collect$$$$0000000A)
    _main_init                               0x08000191   Thumb Code     0  entry9a.o(.ARM.Collect$$$$0000000B)
    __rt_lib_shutdown_fini                   0x08000199   Thumb Code     0  entry12b.o(.ARM.Collect$$$$0000000E)
    __rt_final_cpp                           0x0800019d   Thumb Code     0  entry10a.o(.ARM.Collect$$$$0000000F)
    __rt_final_exit                          0x0800019d   Thumb Code     0  entry11a.o(.ARM.Collect$$$$00000011)
    Reset_Handler                            0x080001a1   Thumb Code     8  startup_stm32f40_41xxx.o(.text)
    NMI_Handler                              0x080001a9   Thumb Code     2  startup_stm32f40_41xxx.o(.text)
    HardFault_Handler                        0x080001ab   Thumb Code     2  startup_stm32f40_41xxx.o(.text)
    MemManage_Handler                        0x080001ad   Thumb Code     2  startup_stm32f40_41xxx.o(.text)
    BusFault_Handler                         0x080001af   Thumb Code     2  startup_stm32f40_41xxx.o(.text)
    UsageFault_Handler                       0x080001b1   Thumb Code     2  startup_stm32f40_41xxx.o(.text)
    SVC_Handler                              0x080001b3   Thumb Code     2  startup_stm32f40_41xxx.o(.text)
    DebugMon_Handler                         0x080001b5   Thumb Code     2  startup_stm32f40_41xxx.o(.text)
    PendSV_Handler                           0x080001b7   Thumb Code     2  startup_stm32f40_41xxx.o(.text)
    ADC_IRQHandler                           0x080001bb   Thumb Code     0  startup_stm32f40_41xxx.o(.text)
    CAN1_RX0_IRQHandler                      0x080001bb   Thumb Code     0  startup_stm32f40_41xxx.o(.text)
    CAN1_RX1_IRQHandler                      0x080001bb   Thumb Code     0  startup_stm32f40_41xxx.o(.text)
    CAN1_SCE_IRQHandler                      0x080001bb   Thumb Code     0  startup_stm32f40_41xxx.o(.text)
    CAN1_TX_IRQHandler                       0x080001bb   Thumb Code     0  startup_stm32f40_41xxx.o(.text)
    CAN2_RX0_IRQHandler                      0x080001bb   Thumb Code     0  startup_stm32f40_41xxx.o(.text)
    CAN2_RX1_IRQHandler                      0x080001bb   Thumb Code     0  startup_stm32f40_41xxx.o(.text)
    CAN2_SCE_IRQHandler                      0x080001bb   Thumb Code     0  startup_stm32f40_41xxx.o(.text)
    CAN2_TX_IRQHandler                       0x080001bb   Thumb Code     0  startup_stm32f40_41xxx.o(.text)
    CRYP_IRQHandler                          0x080001bb   Thumb Code     0  startup_stm32f40_41xxx.o(.text)
    DCMI_IRQHandler                          0x080001bb   Thumb Code     0  startup_stm32f40_41xxx.o(.text)
    DMA1_Stream0_IRQHandler                  0x080001bb   Thumb Code     0  startup_stm32f40_41xxx.o(.text)
    DMA1_Stream1_IRQHandler                  0x080001bb   Thumb Code     0  startup_stm32f40_41xxx.o(.text)
    DMA1_Stream2_IRQHandler                  0x080001bb   Thumb Code     0  startup_stm32f40_41xxx.o(.text)
    DMA1_Stream3_IRQHandler                  0x080001bb   Thumb Code     0  startup_stm32f40_41xxx.o(.text)
    DMA1_Stream4_IRQHandler                  0x080001bb   Thumb Code     0  startup_stm32f40_41xxx.o(.text)
    DMA1_Stream5_IRQHandler                  0x080001bb   Thumb Code     0  startup_stm32f40_41xxx.o(.text)
    DMA1_Stream6_IRQHandler                  0x080001bb   Thumb Code     0  startup_stm32f40_41xxx.o(.text)
    DMA1_Stream7_IRQHandler                  0x080001bb   Thumb Code     0  startup_stm32f40_41xxx.o(.text)
    DMA2_Stream0_IRQHandler                  0x080001bb   Thumb Code     0  startup_stm32f40_41xxx.o(.text)
    DMA2_Stream1_IRQHandler                  0x080001bb   Thumb Code     0  startup_stm32f40_41xxx.o(.text)
    DMA2_Stream2_IRQHandler                  0x080001bb   Thumb Code     0  startup_stm32f40_41xxx.o(.text)
    DMA2_Stream3_IRQHandler                  0x080001bb   Thumb Code     0  startup_stm32f40_41xxx.o(.text)
    DMA2_Stream4_IRQHandler                  0x080001bb   Thumb Code     0  startup_stm32f40_41xxx.o(.text)
    DMA2_Stream5_IRQHandler                  0x080001bb   Thumb Code     0  startup_stm32f40_41xxx.o(.text)
    DMA2_Stream6_IRQHandler                  0x080001bb   Thumb Code     0  startup_stm32f40_41xxx.o(.text)
    DMA2_Stream7_IRQHandler                  0x080001bb   Thumb Code     0  startup_stm32f40_41xxx.o(.text)
    ETH_IRQHandler                           0x080001bb   Thumb Code     0  startup_stm32f40_41xxx.o(.text)
    ETH_WKUP_IRQHandler                      0x080001bb   Thumb Code     0  startup_stm32f40_41xxx.o(.text)
    EXTI0_IRQHandler                         0x080001bb   Thumb Code     0  startup_stm32f40_41xxx.o(.text)
    EXTI15_10_IRQHandler                     0x080001bb   Thumb Code     0  startup_stm32f40_41xxx.o(.text)
    EXTI1_IRQHandler                         0x080001bb   Thumb Code     0  startup_stm32f40_41xxx.o(.text)
    EXTI4_IRQHandler                         0x080001bb   Thumb Code     0  startup_stm32f40_41xxx.o(.text)
    EXTI9_5_IRQHandler                       0x080001bb   Thumb Code     0  startup_stm32f40_41xxx.o(.text)
    FLASH_IRQHandler                         0x080001bb   Thumb Code     0  startup_stm32f40_41xxx.o(.text)
    FPU_IRQHandler                           0x080001bb   Thumb Code     0  startup_stm32f40_41xxx.o(.text)
    FSMC_IRQHandler                          0x080001bb   Thumb Code     0  startup_stm32f40_41xxx.o(.text)
    HASH_RNG_IRQHandler                      0x080001bb   Thumb Code     0  startup_stm32f40_41xxx.o(.text)
    I2C1_ER_IRQHandler                       0x080001bb   Thumb Code     0  startup_stm32f40_41xxx.o(.text)
    I2C1_EV_IRQHandler                       0x080001bb   Thumb Code     0  startup_stm32f40_41xxx.o(.text)
    I2C2_ER_IRQHandler                       0x080001bb   Thumb Code     0  startup_stm32f40_41xxx.o(.text)
    I2C2_EV_IRQHandler                       0x080001bb   Thumb Code     0  startup_stm32f40_41xxx.o(.text)
    I2C3_ER_IRQHandler                       0x080001bb   Thumb Code     0  startup_stm32f40_41xxx.o(.text)
    I2C3_EV_IRQHandler                       0x080001bb   Thumb Code     0  startup_stm32f40_41xxx.o(.text)
    OTG_FS_IRQHandler                        0x080001bb   Thumb Code     0  startup_stm32f40_41xxx.o(.text)
    OTG_FS_WKUP_IRQHandler                   0x080001bb   Thumb Code     0  startup_stm32f40_41xxx.o(.text)
    OTG_HS_EP1_IN_IRQHandler                 0x080001bb   Thumb Code     0  startup_stm32f40_41xxx.o(.text)
    OTG_HS_EP1_OUT_IRQHandler                0x080001bb   Thumb Code     0  startup_stm32f40_41xxx.o(.text)
    OTG_HS_IRQHandler                        0x080001bb   Thumb Code     0  startup_stm32f40_41xxx.o(.text)
    OTG_HS_WKUP_IRQHandler                   0x080001bb   Thumb Code     0  startup_stm32f40_41xxx.o(.text)
    PVD_IRQHandler                           0x080001bb   Thumb Code     0  startup_stm32f40_41xxx.o(.text)
    RCC_IRQHandler                           0x080001bb   Thumb Code     0  startup_stm32f40_41xxx.o(.text)
    RTC_Alarm_IRQHandler                     0x080001bb   Thumb Code     0  startup_stm32f40_41xxx.o(.text)
    RTC_WKUP_IRQHandler                      0x080001bb   Thumb Code     0  startup_stm32f40_41xxx.o(.text)
    SDIO_IRQHandler                          0x080001bb   Thumb Code     0  startup_stm32f40_41xxx.o(.text)
    SPI1_IRQHandler                          0x080001bb   Thumb Code     0  startup_stm32f40_41xxx.o(.text)
    SPI2_IRQHandler                          0x080001bb   Thumb Code     0  startup_stm32f40_41xxx.o(.text)
    SPI3_IRQHandler                          0x080001bb   Thumb Code     0  startup_stm32f40_41xxx.o(.text)
    TAMP_STAMP_IRQHandler                    0x080001bb   Thumb Code     0  startup_stm32f40_41xxx.o(.text)
    TIM1_BRK_TIM9_IRQHandler                 0x080001bb   Thumb Code     0  startup_stm32f40_41xxx.o(.text)
    TIM1_CC_IRQHandler                       0x080001bb   Thumb Code     0  startup_stm32f40_41xxx.o(.text)
    TIM1_TRG_COM_TIM11_IRQHandler            0x080001bb   Thumb Code     0  startup_stm32f40_41xxx.o(.text)
    TIM1_UP_TIM10_IRQHandler                 0x080001bb   Thumb Code     0  startup_stm32f40_41xxx.o(.text)
    TIM2_IRQHandler                          0x080001bb   Thumb Code     0  startup_stm32f40_41xxx.o(.text)
    TIM3_IRQHandler                          0x080001bb   Thumb Code     0  startup_stm32f40_41xxx.o(.text)
    TIM4_IRQHandler                          0x080001bb   Thumb Code     0  startup_stm32f40_41xxx.o(.text)
    TIM5_IRQHandler                          0x080001bb   Thumb Code     0  startup_stm32f40_41xxx.o(.text)
    TIM6_DAC_IRQHandler                      0x080001bb   Thumb Code     0  startup_stm32f40_41xxx.o(.text)
    TIM7_IRQHandler                          0x080001bb   Thumb Code     0  startup_stm32f40_41xxx.o(.text)
    TIM8_BRK_TIM12_IRQHandler                0x080001bb   Thumb Code     0  startup_stm32f40_41xxx.o(.text)
    TIM8_CC_IRQHandler                       0x080001bb   Thumb Code     0  startup_stm32f40_41xxx.o(.text)
    TIM8_TRG_COM_TIM14_IRQHandler            0x080001bb   Thumb Code     0  startup_stm32f40_41xxx.o(.text)
    TIM8_UP_TIM13_IRQHandler                 0x080001bb   Thumb Code     0  startup_stm32f40_41xxx.o(.text)
    UART4_IRQHandler                         0x080001bb   Thumb Code     0  startup_stm32f40_41xxx.o(.text)
    UART5_IRQHandler                         0x080001bb   Thumb Code     0  startup_stm32f40_41xxx.o(.text)
    USART6_IRQHandler                        0x080001bb   Thumb Code     0  startup_stm32f40_41xxx.o(.text)
    WWDG_IRQHandler                          0x080001bb   Thumb Code     0  startup_stm32f40_41xxx.o(.text)
    __aeabi_memcpy                           0x080001c5   Thumb Code    36  memcpya.o(.text)
    __aeabi_memcpy4                          0x080001c5   Thumb Code     0  memcpya.o(.text)
    __aeabi_memcpy8                          0x080001c5   Thumb Code     0  memcpya.o(.text)
    __aeabi_memset                           0x080001e9   Thumb Code    14  memseta.o(.text)
    __aeabi_memset4                          0x080001e9   Thumb Code     0  memseta.o(.text)
    __aeabi_memset8                          0x080001e9   Thumb Code     0  memseta.o(.text)
    __aeabi_memclr                           0x080001f7   Thumb Code     4  memseta.o(.text)
    __aeabi_memclr4                          0x080001f7   Thumb Code     0  memseta.o(.text)
    __aeabi_memclr8                          0x080001f7   Thumb Code     0  memseta.o(.text)
    _memset$wrapper                          0x080001fb   Thumb Code    18  memseta.o(.text)
    strlen                                   0x0800020d   Thumb Code    14  strlen.o(.text)
    strcmp                                   0x0800021b   Thumb Code    28  strcmp.o(.text)
    __aeabi_dadd                             0x08000237   Thumb Code   322  dadd.o(.text)
    __aeabi_dsub                             0x08000379   Thumb Code     6  dadd.o(.text)
    __aeabi_drsub                            0x0800037f   Thumb Code     6  dadd.o(.text)
    __aeabi_dmul                             0x08000385   Thumb Code   228  dmul.o(.text)
    __aeabi_ddiv                             0x08000469   Thumb Code   222  ddiv.o(.text)
    __aeabi_ui2d                             0x08000547   Thumb Code    26  dfltui.o(.text)
    __aeabi_f2d                              0x08000561   Thumb Code    38  f2d.o(.text)
    __aeabi_d2f                              0x08000587   Thumb Code    56  d2f.o(.text)
    __aeabi_uidiv                            0x080005bf   Thumb Code     0  uidiv.o(.text)
    __aeabi_uidivmod                         0x080005bf   Thumb Code    44  uidiv.o(.text)
    __aeabi_uldivmod                         0x080005eb   Thumb Code    98  uldiv.o(.text)
    __aeabi_llsl                             0x0800064d   Thumb Code    30  llshl.o(.text)
    _ll_shift_l                              0x0800064d   Thumb Code     0  llshl.o(.text)
    __aeabi_lasr                             0x0800066b   Thumb Code    36  llsshr.o(.text)
    _ll_sshift_r                             0x0800066b   Thumb Code     0  llsshr.o(.text)
    __I$use$fp                               0x0800068f   Thumb Code     0  iusefp.o(.text)
    _float_round                             0x0800068f   Thumb Code    18  fepilogue.o(.text)
    _float_epilogue                          0x080006a1   Thumb Code    92  fepilogue.o(.text)
    _double_round                            0x080006fd   Thumb Code    30  depilogue.o(.text)
    _double_epilogue                         0x0800071b   Thumb Code   156  depilogue.o(.text)
    __aeabi_d2ulz                            0x080007b7   Thumb Code    48  dfixul.o(.text)
    __aeabi_cdrcmple                         0x080007e9   Thumb Code    48  cdrcmple.o(.text)
    __scatterload                            0x08000819   Thumb Code    28  init.o(.text)
    __scatterload_rt2                        0x08000819   Thumb Code     0  init.o(.text)
    __aeabi_llsr                             0x0800083d   Thumb Code    32  llushr.o(.text)
    _ll_ushift_r                             0x0800083d   Thumb Code     0  llushr.o(.text)
    ADC3_Config                              0x0800085d   Thumb Code    84  adc.o(i.ADC3_Config)
    ADC_Cmd                                  0x080008b9   Thumb Code    22  stm32f4xx_adc.o(i.ADC_Cmd)
    ADC_GetConversionValue                   0x080008cf   Thumb Code     8  stm32f4xx_adc.o(i.ADC_GetConversionValue)
    ADC_GetFlagStatus                        0x080008d7   Thumb Code    18  stm32f4xx_adc.o(i.ADC_GetFlagStatus)
    ADC_Init                                 0x080008e9   Thumb Code    74  stm32f4xx_adc.o(i.ADC_Init)
    ADC_RegularChannelConfig                 0x0800093d   Thumb Code   184  stm32f4xx_adc.o(i.ADC_RegularChannelConfig)
    ADC_SoftwareStartConv                    0x080009f5   Thumb Code    10  stm32f4xx_adc.o(i.ADC_SoftwareStartConv)
    DHT11_ACK                                0x08000a01   Thumb Code   118  dht11.o(i.DHT11_ACK)
    DHT11_IN                                 0x08000ac5   Thumb Code    28  dht11.o(i.DHT11_IN)
    DHT11_OUT_Config                         0x08000ae5   Thumb Code    50  dht11.o(i.DHT11_OUT_Config)
    EXTI2_IRQHandler                         0x08000b3d   Thumb Code    24  exti.o(i.EXTI2_IRQHandler)
    EXTI3_IRQHandler                         0x08000b59   Thumb Code    24  exti.o(i.EXTI3_IRQHandler)
    EXTI_ClearITPendingBit                   0x08000b75   Thumb Code     6  stm32f4xx_exti.o(i.EXTI_ClearITPendingBit)
    EXTI_GetITStatus                         0x08000b81   Thumb Code    20  stm32f4xx_exti.o(i.EXTI_GetITStatus)
    GPIO_Init                                0x08000b99   Thumb Code   144  stm32f4xx_gpio.o(i.GPIO_Init)
    GPIO_PinAFConfig                         0x08000c29   Thumb Code    70  stm32f4xx_gpio.o(i.GPIO_PinAFConfig)
    GPIO_ReadInputDataBit                    0x08000c6f   Thumb Code    18  stm32f4xx_gpio.o(i.GPIO_ReadInputDataBit)
    GPIO_ResetBits                           0x08000c81   Thumb Code     4  stm32f4xx_gpio.o(i.GPIO_ResetBits)
    GPIO_SetBits                             0x08000c85   Thumb Code     4  stm32f4xx_gpio.o(i.GPIO_SetBits)
    GPIO_ToggleBits                          0x08000c89   Thumb Code     8  stm32f4xx_gpio.o(i.GPIO_ToggleBits)
    GetLux                                   0x08000c91   Thumb Code    92  light_adc.o(i.GetLux)
    Get_Adc                                  0x08000cf9   Thumb Code    46  adc.o(i.Get_Adc)
    Get_Adc_Average                          0x08000d27   Thumb Code    54  adc.o(i.Get_Adc_Average)
    Get_DHT11_Data                           0x08000d5d   Thumb Code   258  dht11.o(i.Get_DHT11_Data)
    Get_Last_Value                           0x08000e9d   Thumb Code    76  adc.o(i.Get_Last_Value)
    HallSensor_Init                          0x08000ef1   Thumb Code    42  hallsensor.o(i.HallSensor_Init)
    HallSensor_ReadStableStatus              0x08000f21   Thumb Code    64  hallsensor.o(i.HallSensor_ReadStableStatus)
    HallSensor_ReadStatus                    0x08000f65   Thumb Code    20  hallsensor.o(i.HallSensor_ReadStatus)
    KEY_Config                               0x08000f7d   Thumb Code    42  key.o(i.KEY_Config)
    KEY_Scanf                                0x08000fad   Thumb Code    60  key.o(i.KEY_Scanf)
    LED_Config                               0x08000fe9   Thumb Code    54  led.o(i.LED_Config)
    LED_Water                                0x08001025   Thumb Code    64  led.o(i.LED_Water)
    MQ7_Init                                 0x0800106d   Thumb Code    42  mq7.o(i.MQ7_Init)
    MQ7_ReadDO                               0x0800109d   Thumb Code    22  mq7.o(i.MQ7_ReadDO)
    MQTT_Clear                               0x080010b9   Thumb Code    24  mqtt.o(i.MQTT_Clear)
    MQTT_PublicTopic                         0x080010dd   Thumb Code   280  mqtt.o(i.MQTT_PublicTopic)
    MQTT_SendData                            0x08001209   Thumb Code    18  mqtt.o(i.MQTT_SendData)
    NVIC_Init                                0x08001221   Thumb Code   106  misc.o(i.NVIC_Init)
    NVIC_PriorityGroupConfig                 0x08001299   Thumb Code    10  misc.o(i.NVIC_PriorityGroupConfig)
    OLED_Clear                               0x080012ad   Thumb Code    44  oled.o(i.OLED_Clear)
    OLED_Config                              0x080012d9   Thumb Code   202  oled.o(i.OLED_Config)
    OLED_SetPos                              0x080013a3   Thumb Code    42  oled.o(i.OLED_SetPos)
    OLED_ShowChar                            0x080013cd   Thumb Code    90  oled.o(i.OLED_ShowChar)
    OLED_ShowString                          0x0800142d   Thumb Code    42  oled.o(i.OLED_ShowString)
    OLED_WriteByte                           0x08001457   Thumb Code    46  oled.o(i.OLED_WriteByte)
    RCC_AHB1PeriphClockCmd                   0x08001485   Thumb Code    26  stm32f4xx_rcc.o(i.RCC_AHB1PeriphClockCmd)
    RCC_APB1PeriphClockCmd                   0x080014a5   Thumb Code    26  stm32f4xx_rcc.o(i.RCC_APB1PeriphClockCmd)
    RCC_APB2PeriphClockCmd                   0x080014c5   Thumb Code    26  stm32f4xx_rcc.o(i.RCC_APB2PeriphClockCmd)
    RCC_GetClocksFreq                        0x080014e5   Thumb Code   214  stm32f4xx_rcc.o(i.RCC_GetClocksFreq)
    RED_Config                               0x080015cd   Thumb Code    42  red.o(i.RED_Config)
    Read_Byte                                0x0800163d   Thumb Code    96  dht11.o(i.Read_Byte)
    SCL_Output_Mode                          0x080016a1   Thumb Code    38  soft_iic.o(i.SCL_Output_Mode)
    SDA_Input_Mode                           0x080016cd   Thumb Code    38  soft_iic.o(i.SDA_Input_Mode)
    SDA_Output_Mode                          0x080016f9   Thumb Code    46  soft_iic.o(i.SDA_Output_Mode)
    SERVO360_SetSpeed                        0x0800172d   Thumb Code    38  servo.o(i.SERVO360_SetSpeed)
    SERVO360_Stop                            0x08001759   Thumb Code    14  servo.o(i.SERVO360_Stop)
    SERVO_Config                             0x0800176d   Thumb Code   198  servo.o(i.SERVO_Config)
    SERVO_TEXT                               0x0800183d   Thumb Code    36  servo.o(i.SERVO_TEXT)
    Soft_IIC_Config                          0x08001c7d   Thumb Code    32  soft_iic.o(i.Soft_IIC_Config)
    Soft_IIC_Send                            0x08001ca1   Thumb Code   118  soft_iic.o(i.Soft_IIC_Send)
    Soft_IIC_SlaveAck                        0x08001d1d   Thumb Code    76  soft_iic.o(i.Soft_IIC_SlaveAck)
    Soft_IIC_Start                           0x08001d6d   Thumb Code    60  soft_iic.o(i.Soft_IIC_Start)
    Soft_IIC_Stop                            0x08001dad   Thumb Code    60  soft_iic.o(i.Soft_IIC_Stop)
    Start_DHT11                              0x08001ded   Thumb Code    40  dht11.o(i.Start_DHT11)
    SysTick_Handler                          0x08001e19   Thumb Code    12  delay.o(i.SysTick_Handler)
    SystemInit                               0x08001e29   Thumb Code    88  system_stm32f4xx.o(i.SystemInit)
    TIM_ARRPreloadConfig                     0x08001e91   Thumb Code    24  stm32f4xx_tim.o(i.TIM_ARRPreloadConfig)
    TIM_Cmd                                  0x08001ea9   Thumb Code    24  stm32f4xx_tim.o(i.TIM_Cmd)
    TIM_OC3Init                              0x08001ec1   Thumb Code   150  stm32f4xx_tim.o(i.TIM_OC3Init)
    TIM_OC3PreloadConfig                     0x08001f61   Thumb Code    18  stm32f4xx_tim.o(i.TIM_OC3PreloadConfig)
    TIM_OC4Init                              0x08001f75   Thumb Code   112  stm32f4xx_tim.o(i.TIM_OC4Init)
    TIM_OC4PreloadConfig                     0x08001fed   Thumb Code    26  stm32f4xx_tim.o(i.TIM_OC4PreloadConfig)
    TIM_OCStructInit                         0x08002007   Thumb Code    20  stm32f4xx_tim.o(i.TIM_OCStructInit)
    TIM_SetCompare3                          0x0800201b   Thumb Code     4  stm32f4xx_tim.o(i.TIM_SetCompare3)
    TIM_SetCompare4                          0x0800201f   Thumb Code     4  stm32f4xx_tim.o(i.TIM_SetCompare4)
    TIM_TimeBaseInit                         0x08002025   Thumb Code   104  stm32f4xx_tim.o(i.TIM_TimeBaseInit)
    TIM_TimeBaseStructInit                   0x080020a9   Thumb Code    18  stm32f4xx_tim.o(i.TIM_TimeBaseStructInit)
    UART1_Config                             0x080020bd   Thumb Code   184  uart.o(i.UART1_Config)
    UART2_Config                             0x0800217d   Thumb Code   180  uart.o(i.UART2_Config)
    UART3_Config                             0x08002239   Thumb Code   176  uart.o(i.UART3_Config)
    USART1_IRQHandler                        0x080022f1   Thumb Code   136  uart.o(i.USART1_IRQHandler)
    USART2_IRQHandler                        0x08002399   Thumb Code    64  uart.o(i.USART2_IRQHandler)
    USART3_IRQHandler                        0x080023e5   Thumb Code    82  esp8266.o(i.USART3_IRQHandler)
    USART_ClearITPendingBit                  0x08002445   Thumb Code    30  stm32f4xx_usart.o(i.USART_ClearITPendingBit)
    USART_Cmd                                0x08002463   Thumb Code    24  stm32f4xx_usart.o(i.USART_Cmd)
    USART_GetFlagStatus                      0x0800247b   Thumb Code    26  stm32f4xx_usart.o(i.USART_GetFlagStatus)
    USART_GetITStatus                        0x08002495   Thumb Code    84  stm32f4xx_usart.o(i.USART_GetITStatus)
    USART_ITConfig                           0x080024e9   Thumb Code    74  stm32f4xx_usart.o(i.USART_ITConfig)
    USART_Init                               0x08002535   Thumb Code   204  stm32f4xx_usart.o(i.USART_Init)
    USART_ReceiveData                        0x08002609   Thumb Code    10  stm32f4xx_usart.o(i.USART_ReceiveData)
    USART_SendData                           0x08002613   Thumb Code     8  stm32f4xx_usart.o(i.USART_SendData)
    Usart_SendArray                          0x0800261b   Thumb Code    48  uart.o(i.Usart_SendArray)
    Usart_SendByte                           0x0800264b   Thumb Code    30  uart.o(i.Usart_SendByte)
    VoiceControl_HandleCommand               0x08002669   Thumb Code   192  voicecontrol.o(i.VoiceControl_HandleCommand)
    __0printf                                0x0800273d   Thumb Code    22  printfa.o(i.__0printf)
    __1printf                                0x0800273d   Thumb Code     0  printfa.o(i.__0printf)
    __2printf                                0x0800273d   Thumb Code     0  printfa.o(i.__0printf)
    __c89printf                              0x0800273d   Thumb Code     0  printfa.o(i.__0printf)
    printf                                   0x0800273d   Thumb Code     0  printfa.o(i.__0printf)
    __0snprintf                              0x0800275d   Thumb Code    48  printfa.o(i.__0snprintf)
    __1snprintf                              0x0800275d   Thumb Code     0  printfa.o(i.__0snprintf)
    __2snprintf                              0x0800275d   Thumb Code     0  printfa.o(i.__0snprintf)
    __c89snprintf                            0x0800275d   Thumb Code     0  printfa.o(i.__0snprintf)
    snprintf                                 0x0800275d   Thumb Code     0  printfa.o(i.__0snprintf)
    __0sprintf                               0x08002791   Thumb Code    34  printfa.o(i.__0sprintf)
    __1sprintf                               0x08002791   Thumb Code     0  printfa.o(i.__0sprintf)
    __2sprintf                               0x08002791   Thumb Code     0  printfa.o(i.__0sprintf)
    __c89sprintf                             0x08002791   Thumb Code     0  printfa.o(i.__0sprintf)
    sprintf                                  0x08002791   Thumb Code     0  printfa.o(i.__0sprintf)
    __scatterload_copy                       0x080027b9   Thumb Code    14  handlers.o(i.__scatterload_copy)
    __scatterload_null                       0x080027c7   Thumb Code     2  handlers.o(i.__scatterload_null)
    __scatterload_zeroinit                   0x080027c9   Thumb Code    14  handlers.o(i.__scatterload_zeroinit)
    delay_ms                                 0x08003099   Thumb Code    52  delay.o(i.delay_ms)
    delay_s                                  0x080030cd   Thumb Code    32  delay.o(i.delay_s)
    delay_us                                 0x080030ed   Thumb Code    54  delay.o(i.delay_us)
    fputc                                    0x08003125   Thumb Code    32  uart.o(i.fputc)
    main                                     0x08003149   Thumb Code   912  main.o(i.main)
    OLED_F8x16                               0x08003578   Data        1520  oled.o(.constdata)
    GL5516                                   0x08003b68   Data        1124  light_adc.o(.constdata)
    Region$$Table$$Base                      0x080040f8   Number         0  anon$$obj.o(Region$$Table)
    Region$$Table$$Limit                     0x08004118   Number         0  anon$$obj.o(Region$$Table)
    leds                                     0x20000000   Data           8  led.o(.data)
    key1_flag                                0x20000008   Data           1  exti.o(.data)
    key2_flag                                0x20000009   Data           1  exti.o(.data)
    cnt                                      0x2000000c   Data           2  esp8266.o(.data)
    esp8266_cntPre                           0x2000000e   Data           2  esp8266.o(.data)
    usart3_rxcounter                         0x20000010   Data           1  esp8266.o(.data)
    num                                      0x20000011   Data           1  esp8266.o(.data)
    Rx3Counter                               0x20000014   Data           4  esp8266.o(.data)
    Rx3Data                                  0x20000018   Data           1  esp8266.o(.data)
    Rx3End                                   0x20000019   Data           1  esp8266.o(.data)
    connect_ack                              0x2000001a   Data           1  esp8266.o(.data)
    DataLen                                  0x2000001c   Data           2  mqtt.o(.data)
    MQTT_Len                                 0x2000001e   Data           2  mqtt.o(.data)
    voice_cmd                                0x20000020   Data           1  uart.o(.data)
    rxd_data                                 0x20000021   Data           1  uart.o(.data)
    rxd_num                                  0x20000022   Data           1  uart.o(.data)
    __stdout                                 0x20000060   Data           4  stdout.o(.data)
    recv_buf                                 0x20000064   Data         512  esp8266.o(.bss)
    usart3_txbuf                             0x20000264   Data         256  esp8266.o(.bss)
    usart3_rxbuf                             0x20000364   Data         512  esp8266.o(.bss)
    Tx3Buffer                                0x20000564   Data         512  esp8266.o(.bss)
    Rx3Buffer                                0x20000764   Data         512  esp8266.o(.bss)
    MQTT_RX_BUF                              0x20000964   Data         512  mqtt.o(.bss)
    rxd_str                                  0x20000b64   Data         512  uart.o(.bss)
    __initial_sp                             0x20001168   Data           0  startup_stm32f40_41xxx.o(STACK)



==============================================================================

Memory Map of the image

  Image Entry point : 0x08000189

  Load Region LR_IROM1 (Base: 0x08000000, Size: 0x0000417c, Max: 0x00080000, ABSOLUTE)

    Execution Region ER_IROM1 (Exec base: 0x08000000, Load base: 0x08000000, Size: 0x00004118, Max: 0x00080000, ABSOLUTE)

    Exec Addr    Load Addr    Size         Type   Attr      Idx    E Section Name        Object

    0x08000000   0x08000000   0x00000188   Data   RO         3727    RESET               startup_stm32f40_41xxx.o
    0x08000188   0x08000188   0x00000000   Code   RO         3773  * .ARM.Collect$$$$00000000  mc_w.l(entry.o)
    0x08000188   0x08000188   0x00000004   Code   RO         4063    .ARM.Collect$$$$00000001  mc_w.l(entry2.o)
    0x0800018c   0x0800018c   0x00000004   Code   RO         4066    .ARM.Collect$$$$00000004  mc_w.l(entry5.o)
    0x08000190   0x08000190   0x00000000   Code   RO         4068    .ARM.Collect$$$$00000008  mc_w.l(entry7b.o)
    0x08000190   0x08000190   0x00000000   Code   RO         4070    .ARM.Collect$$$$0000000A  mc_w.l(entry8b.o)
    0x08000190   0x08000190   0x00000008   Code   RO         4071    .ARM.Collect$$$$0000000B  mc_w.l(entry9a.o)
    0x08000198   0x08000198   0x00000004   Code   RO         4078    .ARM.Collect$$$$0000000E  mc_w.l(entry12b.o)
    0x0800019c   0x0800019c   0x00000000   Code   RO         4073    .ARM.Collect$$$$0000000F  mc_w.l(entry10a.o)
    0x0800019c   0x0800019c   0x00000000   Code   RO         4075    .ARM.Collect$$$$00000011  mc_w.l(entry11a.o)
    0x0800019c   0x0800019c   0x00000004   Code   RO         4064    .ARM.Collect$$$$00002712  mc_w.l(entry2.o)
    0x080001a0   0x080001a0   0x00000024   Code   RO         3728    .text               startup_stm32f40_41xxx.o
    0x080001c4   0x080001c4   0x00000024   Code   RO         3776    .text               mc_w.l(memcpya.o)
    0x080001e8   0x080001e8   0x00000024   Code   RO         3778    .text               mc_w.l(memseta.o)
    0x0800020c   0x0800020c   0x0000000e   Code   RO         3784    .text               mc_w.l(strlen.o)
    0x0800021a   0x0800021a   0x0000001c   Code   RO         3786    .text               mc_w.l(strcmp.o)
    0x08000236   0x08000236   0x0000014e   Code   RO         4051    .text               mf_w.l(dadd.o)
    0x08000384   0x08000384   0x000000e4   Code   RO         4053    .text               mf_w.l(dmul.o)
    0x08000468   0x08000468   0x000000de   Code   RO         4055    .text               mf_w.l(ddiv.o)
    0x08000546   0x08000546   0x0000001a   Code   RO         4057    .text               mf_w.l(dfltui.o)
    0x08000560   0x08000560   0x00000026   Code   RO         4059    .text               mf_w.l(f2d.o)
    0x08000586   0x08000586   0x00000038   Code   RO         4061    .text               mf_w.l(d2f.o)
    0x080005be   0x080005be   0x0000002c   Code   RO         4080    .text               mc_w.l(uidiv.o)
    0x080005ea   0x080005ea   0x00000062   Code   RO         4082    .text               mc_w.l(uldiv.o)
    0x0800064c   0x0800064c   0x0000001e   Code   RO         4084    .text               mc_w.l(llshl.o)
    0x0800066a   0x0800066a   0x00000024   Code   RO         4086    .text               mc_w.l(llsshr.o)
    0x0800068e   0x0800068e   0x00000000   Code   RO         4088    .text               mc_w.l(iusefp.o)
    0x0800068e   0x0800068e   0x0000006e   Code   RO         4089    .text               mf_w.l(fepilogue.o)
    0x080006fc   0x080006fc   0x000000ba   Code   RO         4091    .text               mf_w.l(depilogue.o)
    0x080007b6   0x080007b6   0x00000030   Code   RO         4093    .text               mf_w.l(dfixul.o)
    0x080007e6   0x080007e6   0x00000002   PAD
    0x080007e8   0x080007e8   0x00000030   Code   RO         4095    .text               mf_w.l(cdrcmple.o)
    0x08000818   0x08000818   0x00000024   Code   RO         4097    .text               mc_w.l(init.o)
    0x0800083c   0x0800083c   0x00000020   Code   RO         4099    .text               mc_w.l(llushr.o)
    0x0800085c   0x0800085c   0x0000005c   Code   RO          377    i.ADC3_Config       adc.o
    0x080008b8   0x080008b8   0x00000016   Code   RO         1279    i.ADC_Cmd           stm32f4xx_adc.o
    0x080008ce   0x080008ce   0x00000008   Code   RO         1291    i.ADC_GetConversionValue  stm32f4xx_adc.o
    0x080008d6   0x080008d6   0x00000012   Code   RO         1292    i.ADC_GetFlagStatus  stm32f4xx_adc.o
    0x080008e8   0x080008e8   0x00000054   Code   RO         1299    i.ADC_Init          stm32f4xx_adc.o
    0x0800093c   0x0800093c   0x000000b8   Code   RO         1304    i.ADC_RegularChannelConfig  stm32f4xx_adc.o
    0x080009f4   0x080009f4   0x0000000a   Code   RO         1306    i.ADC_SoftwareStartConv  stm32f4xx_adc.o
    0x080009fe   0x080009fe   0x00000002   PAD
    0x08000a00   0x08000a00   0x000000c4   Code   RO          852    i.DHT11_ACK         dht11.o
    0x08000ac4   0x08000ac4   0x00000020   Code   RO          853    i.DHT11_IN          dht11.o
    0x08000ae4   0x08000ae4   0x00000038   Code   RO          854    i.DHT11_OUT_Config  dht11.o
    0x08000b1c   0x08000b1c   0x00000020   Code   RO         1065    i.DoorStatusToStr   main.o
    0x08000b3c   0x08000b3c   0x0000001c   Code   RO          500    i.EXTI2_IRQHandler  exti.o
    0x08000b58   0x08000b58   0x0000001c   Code   RO          501    i.EXTI3_IRQHandler  exti.o
    0x08000b74   0x08000b74   0x0000000c   Code   RO         1819    i.EXTI_ClearITPendingBit  stm32f4xx_exti.o
    0x08000b80   0x08000b80   0x00000018   Code   RO         1823    i.EXTI_GetITStatus  stm32f4xx_exti.o
    0x08000b98   0x08000b98   0x00000090   Code   RO         1885    i.GPIO_Init         stm32f4xx_gpio.o
    0x08000c28   0x08000c28   0x00000046   Code   RO         1886    i.GPIO_PinAFConfig  stm32f4xx_gpio.o
    0x08000c6e   0x08000c6e   0x00000012   Code   RO         1889    i.GPIO_ReadInputDataBit  stm32f4xx_gpio.o
    0x08000c80   0x08000c80   0x00000004   Code   RO         1892    i.GPIO_ResetBits    stm32f4xx_gpio.o
    0x08000c84   0x08000c84   0x00000004   Code   RO         1893    i.GPIO_SetBits      stm32f4xx_gpio.o
    0x08000c88   0x08000c88   0x00000008   Code   RO         1895    i.GPIO_ToggleBits   stm32f4xx_gpio.o
    0x08000c90   0x08000c90   0x00000068   Code   RO          292    i.GetLux            light_adc.o
    0x08000cf8   0x08000cf8   0x0000002e   Code   RO          378    i.Get_Adc           adc.o
    0x08000d26   0x08000d26   0x00000036   Code   RO          379    i.Get_Adc_Average   adc.o
    0x08000d5c   0x08000d5c   0x00000140   Code   RO          855    i.Get_DHT11_Data    dht11.o
    0x08000e9c   0x08000e9c   0x00000054   Code   RO          380    i.Get_Last_Value    adc.o
    0x08000ef0   0x08000ef0   0x00000030   Code   RO          964    i.HallSensor_Init   hallsensor.o
    0x08000f20   0x08000f20   0x00000044   Code   RO          965    i.HallSensor_ReadStableStatus  hallsensor.o
    0x08000f64   0x08000f64   0x00000018   Code   RO          966    i.HallSensor_ReadStatus  hallsensor.o
    0x08000f7c   0x08000f7c   0x00000030   Code   RO          545    i.KEY_Config        key.o
    0x08000fac   0x08000fac   0x0000003c   Code   RO          546    i.KEY_Scanf         key.o
    0x08000fe8   0x08000fe8   0x0000003c   Code   RO          329    i.LED_Config        led.o
    0x08001024   0x08001024   0x00000048   Code   RO          332    i.LED_Water         led.o
    0x0800106c   0x0800106c   0x00000030   Code   RO            4    i.MQ7_Init          mq7.o
    0x0800109c   0x0800109c   0x0000001c   Code   RO            5    i.MQ7_ReadDO        mq7.o
    0x080010b8   0x080010b8   0x00000024   Code   RO          677    i.MQTT_Clear        mqtt.o
    0x080010dc   0x080010dc   0x0000012c   Code   RO          680    i.MQTT_PublicTopic  mqtt.o
    0x08001208   0x08001208   0x00000018   Code   RO          681    i.MQTT_SendData     mqtt.o
    0x08001220   0x08001220   0x00000078   Code   RO         1219    i.NVIC_Init         misc.o
    0x08001298   0x08001298   0x00000014   Code   RO         1220    i.NVIC_PriorityGroupConfig  misc.o
    0x080012ac   0x080012ac   0x0000002c   Code   RO          114    i.OLED_Clear        oled.o
    0x080012d8   0x080012d8   0x000000ca   Code   RO          115    i.OLED_Config       oled.o
    0x080013a2   0x080013a2   0x0000002a   Code   RO          116    i.OLED_SetPos       oled.o
    0x080013cc   0x080013cc   0x00000060   Code   RO          117    i.OLED_ShowChar     oled.o
    0x0800142c   0x0800142c   0x0000002a   Code   RO          118    i.OLED_ShowString   oled.o
    0x08001456   0x08001456   0x0000002e   Code   RO          119    i.OLED_WriteByte    oled.o
    0x08001484   0x08001484   0x00000020   Code   RO         2154    i.RCC_AHB1PeriphClockCmd  stm32f4xx_rcc.o
    0x080014a4   0x080014a4   0x00000020   Code   RO         2163    i.RCC_APB1PeriphClockCmd  stm32f4xx_rcc.o
    0x080014c4   0x080014c4   0x00000020   Code   RO         2166    i.RCC_APB2PeriphClockCmd  stm32f4xx_rcc.o
    0x080014e4   0x080014e4   0x000000e8   Code   RO         2175    i.RCC_GetClocksFreq  stm32f4xx_rcc.o
    0x080015cc   0x080015cc   0x00000030   Code   RO         1009    i.RED_Config        red.o
    0x080015fc   0x080015fc   0x00000040   Code   RO         1066    i.RED_ReadStable    main.o
    0x0800163c   0x0800163c   0x00000064   Code   RO          856    i.Read_Byte         dht11.o
    0x080016a0   0x080016a0   0x0000002c   Code   RO          187    i.SCL_Output_Mode   soft_iic.o
    0x080016cc   0x080016cc   0x0000002c   Code   RO          188    i.SDA_Input_Mode    soft_iic.o
    0x080016f8   0x080016f8   0x00000034   Code   RO          189    i.SDA_Output_Mode   soft_iic.o
    0x0800172c   0x0800172c   0x0000002c   Code   RO          916    i.SERVO360_SetSpeed  servo.o
    0x08001758   0x08001758   0x00000014   Code   RO          917    i.SERVO360_Stop     servo.o
    0x0800176c   0x0800176c   0x000000d0   Code   RO          918    i.SERVO_Config      servo.o
    0x0800183c   0x0800183c   0x00000028   Code   RO          919    i.SERVO_TEXT        servo.o
    0x08001864   0x08001864   0x000000ec   Code   RO         3735    i.SetSysClock       system_stm32f4xx.o
    0x08001950   0x08001950   0x00000074   Code   RO         1067    i.ShowFrontBack     main.o
    0x080019c4   0x080019c4   0x00000054   Code   RO         1068    i.ShowMainMenu      main.o
    0x08001a18   0x08001a18   0x0000016c   Code   RO         1069    i.ShowSafetyOnce    main.o
    0x08001b84   0x08001b84   0x00000050   Code   RO         1070    i.ShowSeatMenu      main.o
    0x08001bd4   0x08001bd4   0x00000074   Code   RO         1071    i.ShowTilt          main.o
    0x08001c48   0x08001c48   0x00000034   Code   RO         1072    i.ShowWelcome       main.o
    0x08001c7c   0x08001c7c   0x00000024   Code   RO          190    i.Soft_IIC_Config   soft_iic.o
    0x08001ca0   0x08001ca0   0x0000007c   Code   RO          193    i.Soft_IIC_Send     soft_iic.o
    0x08001d1c   0x08001d1c   0x00000050   Code   RO          194    i.Soft_IIC_SlaveAck  soft_iic.o
    0x08001d6c   0x08001d6c   0x00000040   Code   RO          195    i.Soft_IIC_Start    soft_iic.o
    0x08001dac   0x08001dac   0x00000040   Code   RO          196    i.Soft_IIC_Stop     soft_iic.o
    0x08001dec   0x08001dec   0x0000002c   Code   RO          857    i.Start_DHT11       dht11.o
    0x08001e18   0x08001e18   0x00000010   Code   RO         1154    i.SysTick_Handler   delay.o
    0x08001e28   0x08001e28   0x00000068   Code   RO         3737    i.SystemInit        system_stm32f4xx.o
    0x08001e90   0x08001e90   0x00000018   Code   RO         2908    i.TIM_ARRPreloadConfig  stm32f4xx_tim.o
    0x08001ea8   0x08001ea8   0x00000018   Code   RO         2920    i.TIM_Cmd           stm32f4xx_tim.o
    0x08001ec0   0x08001ec0   0x000000a0   Code   RO         2959    i.TIM_OC3Init       stm32f4xx_tim.o
    0x08001f60   0x08001f60   0x00000012   Code   RO         2962    i.TIM_OC3PreloadConfig  stm32f4xx_tim.o
    0x08001f72   0x08001f72   0x00000002   PAD
    0x08001f74   0x08001f74   0x00000078   Code   RO         2964    i.TIM_OC4Init       stm32f4xx_tim.o
    0x08001fec   0x08001fec   0x0000001a   Code   RO         2966    i.TIM_OC4PreloadConfig  stm32f4xx_tim.o
    0x08002006   0x08002006   0x00000014   Code   RO         2967    i.TIM_OCStructInit  stm32f4xx_tim.o
    0x0800201a   0x0800201a   0x00000004   Code   RO         2984    i.TIM_SetCompare3   stm32f4xx_tim.o
    0x0800201e   0x0800201e   0x00000004   Code   RO         2985    i.TIM_SetCompare4   stm32f4xx_tim.o
    0x08002022   0x08002022   0x00000002   PAD
    0x08002024   0x08002024   0x00000084   Code   RO         2992    i.TIM_TimeBaseInit  stm32f4xx_tim.o
    0x080020a8   0x080020a8   0x00000012   Code   RO         2993    i.TIM_TimeBaseStructInit  stm32f4xx_tim.o
    0x080020ba   0x080020ba   0x00000002   PAD
    0x080020bc   0x080020bc   0x000000c0   Code   RO          748    i.UART1_Config      uart.o
    0x0800217c   0x0800217c   0x000000bc   Code   RO          749    i.UART2_Config      uart.o
    0x08002238   0x08002238   0x000000b8   Code   RO          750    i.UART3_Config      uart.o
    0x080022f0   0x080022f0   0x000000a8   Code   RO          751    i.USART1_IRQHandler  uart.o
    0x08002398   0x08002398   0x0000004c   Code   RO          752    i.USART2_IRQHandler  uart.o
    0x080023e4   0x080023e4   0x00000060   Code   RO          583    i.USART3_IRQHandler  esp8266.o
    0x08002444   0x08002444   0x0000001e   Code   RO         3471    i.USART_ClearITPendingBit  stm32f4xx_usart.o
    0x08002462   0x08002462   0x00000018   Code   RO         3474    i.USART_Cmd         stm32f4xx_usart.o
    0x0800247a   0x0800247a   0x0000001a   Code   RO         3477    i.USART_GetFlagStatus  stm32f4xx_usart.o
    0x08002494   0x08002494   0x00000054   Code   RO         3478    i.USART_GetITStatus  stm32f4xx_usart.o
    0x080024e8   0x080024e8   0x0000004a   Code   RO         3480    i.USART_ITConfig    stm32f4xx_usart.o
    0x08002532   0x08002532   0x00000002   PAD
    0x08002534   0x08002534   0x000000d4   Code   RO         3481    i.USART_Init        stm32f4xx_usart.o
    0x08002608   0x08002608   0x0000000a   Code   RO         3488    i.USART_ReceiveData  stm32f4xx_usart.o
    0x08002612   0x08002612   0x00000008   Code   RO         3491    i.USART_SendData    stm32f4xx_usart.o
    0x0800261a   0x0800261a   0x00000030   Code   RO          753    i.Usart_SendArray   uart.o
    0x0800264a   0x0800264a   0x0000001e   Code   RO          754    i.Usart_SendByte    uart.o
    0x08002668   0x08002668   0x000000d4   Code   RO         1036    i.VoiceControl_HandleCommand  voicecontrol.o
    0x0800273c   0x0800273c   0x00000020   Code   RO         4023    i.__0printf         mc_w.l(printfa.o)
    0x0800275c   0x0800275c   0x00000034   Code   RO         4024    i.__0snprintf       mc_w.l(printfa.o)
    0x08002790   0x08002790   0x00000028   Code   RO         4025    i.__0sprintf        mc_w.l(printfa.o)
    0x080027b8   0x080027b8   0x0000000e   Code   RO         4103    i.__scatterload_copy  mc_w.l(handlers.o)
    0x080027c6   0x080027c6   0x00000002   Code   RO         4104    i.__scatterload_null  mc_w.l(handlers.o)
    0x080027c8   0x080027c8   0x0000000e   Code   RO         4105    i.__scatterload_zeroinit  mc_w.l(handlers.o)
    0x080027d6   0x080027d6   0x00000002   PAD
    0x080027d8   0x080027d8   0x00000184   Code   RO         4030    i._fp_digits        mc_w.l(printfa.o)
    0x0800295c   0x0800295c   0x000006b4   Code   RO         4031    i._printf_core      mc_w.l(printfa.o)
    0x08003010   0x08003010   0x00000024   Code   RO         4032    i._printf_post_padding  mc_w.l(printfa.o)
    0x08003034   0x08003034   0x0000002e   Code   RO         4033    i._printf_pre_padding  mc_w.l(printfa.o)
    0x08003062   0x08003062   0x00000016   Code   RO         4034    i._snputc           mc_w.l(printfa.o)
    0x08003078   0x08003078   0x0000000a   Code   RO         4035    i._sputc            mc_w.l(printfa.o)
    0x08003082   0x08003082   0x00000016   Code   RO          967    i.delay_ms          hallsensor.o
    0x08003098   0x08003098   0x00000034   Code   RO         1157    i.delay_ms          delay.o
    0x080030cc   0x080030cc   0x00000020   Code   RO         1158    i.delay_s           delay.o
    0x080030ec   0x080030ec   0x00000036   Code   RO         1159    i.delay_us          delay.o
    0x08003122   0x08003122   0x00000002   PAD
    0x08003124   0x08003124   0x00000024   Code   RO          759    i.fputc             uart.o
    0x08003148   0x08003148   0x00000430   Code   RO         1073    i.main              main.o
    0x08003578   0x08003578   0x000005f0   Data   RO          120    .constdata          oled.o
    0x08003b68   0x08003b68   0x00000464   Data   RO          293    .constdata          light_adc.o
    0x08003fcc   0x08003fcc   0x00000008   Data   RO         1074    .constdata          main.o
    0x08003fd4   0x08003fd4   0x000000de   Data   RO          686    .conststring        mqtt.o
    0x080040b2   0x080040b2   0x00000002   PAD
    0x080040b4   0x080040b4   0x00000042   Data   RO         1075    .conststring        main.o
    0x080040f6   0x080040f6   0x00000002   PAD
    0x080040f8   0x080040f8   0x00000020   Data   RO         4101    Region$$Table       anon$$obj.o


    Execution Region RW_IRAM2 (Exec base: 0x10000000, Load base: 0x0800417c, Size: 0x00000000, Max: 0x00010000, ABSOLUTE)

    **** No section assigned to this execution region ****


    Execution Region RW_IRAM1 (Exec base: 0x20000000, Load base: 0x08004118, Size: 0x00001168, Max: 0x00020000, ABSOLUTE)

    Exec Addr    Load Addr    Size         Type   Attr      Idx    E Section Name        Object

    0x20000000   0x08004118   0x00000008   Data   RW          333    .data               led.o
    0x20000008   0x08004120   0x00000002   Data   RW          503    .data               exti.o
    0x2000000a   0x08004122   0x00000002   PAD
    0x2000000c   0x08004124   0x0000000f   Data   RW          586    .data               esp8266.o
    0x2000001b   0x08004133   0x00000001   PAD
    0x2000001c   0x08004134   0x00000004   Data   RW          687    .data               mqtt.o
    0x20000020   0x08004138   0x00000003   Data   RW          761    .data               uart.o
    0x20000023   0x0800413b   0x00000001   Data   RW          968    .data               hallsensor.o
    0x20000024   0x0800413c   0x00000012   Data   RW         1037    .data               voicecontrol.o
    0x20000036   0x0800414e   0x00000002   PAD
    0x20000038   0x08004150   0x00000012   Data   RW         1076    .data               main.o
    0x2000004a   0x08004162   0x00000002   PAD
    0x2000004c   0x08004164   0x00000004   Data   RW         1160    .data               delay.o
    0x20000050   0x08004168   0x00000010   Data   RW         2206    .data               stm32f4xx_rcc.o
    0x20000060   0x08004178   0x00000004   Data   RW         4079    .data               mc_w.l(stdout.o)
    0x20000064        -       0x00000900   Zero   RW          584    .bss                esp8266.o
    0x20000964        -       0x00000200   Zero   RW          685    .bss                mqtt.o
    0x20000b64        -       0x00000200   Zero   RW          760    .bss                uart.o
    0x20000d64   0x0800417c   0x00000004   PAD
    0x20000d68        -       0x00000400   Zero   RW         3725    STACK               startup_stm32f40_41xxx.o


==============================================================================

Image component sizes


      Code (inc. data)   RO Data    RW Data    ZI Data      Debug   Object Name

       276         16          0          0          0       2899   adc.o
       154          4          0          4          0       2462   delay.o
       748        158          0          0          0       4230   dht11.o
        96         14          0         15       2304       1639   esp8266.o
        56          8          0          2          0       1196   exti.o
       162         14          0          1          0       2368   hallsensor.o
       108          6          0          0          0       1373   key.o
       132         14          0          8          0       1460   led.o
       104         12       1124          0          0       1546   light_adc.o
      1980        512         74         18          0       7191   main.o
       140         24          0          0          0       1915   misc.o
        76         12          0          0          0     314628   mq7.o
       360         38        222          4        512       2731   mqtt.o
       472          6       1520          0          0       4397   oled.o
        48          6          0          0          0        505   red.o
       312         26          0          0          0       2280   servo.o
       508         40          0          0          0       4216   soft_iic.o
        36          8        392          0       1024        848   startup_stm32f40_41xxx.o
       326         10          0          0          0       5761   stm32f4xx_adc.o
        36         10          0          0          0       1340   stm32f4xx_exti.o
       248          0          0          0          0       4873   stm32f4xx_gpio.o
       328         36          0         16          0       5215   stm32f4xx_rcc.o
       550         46          0          0          0       8550   stm32f4xx_tim.o
       468          8          0          0          0       7127   stm32f4xx_usart.o
       340         32          0          0          0       1621   system_stm32f4xx.o
       922         72          0          3        512       7017   uart.o
       212         28          0         18          0       1285   voicecontrol.o

    ----------------------------------------------------------------------
      9210       1160       3368         96       4356     400673   Object Totals
         0          0         32          0          0          0   (incl. Generated)
        12          0          4          7          4          0   (incl. Padding)

    ----------------------------------------------------------------------

      Code (inc. data)   RO Data    RW Data    ZI Data      Debug   Library Member Name

         0          0          0          0          0          0   entry.o
         0          0          0          0          0          0   entry10a.o
         0          0          0          0          0          0   entry11a.o
         4          0          0          0          0          0   entry12b.o
         8          4          0          0          0          0   entry2.o
         4          0          0          0          0          0   entry5.o
         0          0          0          0          0          0   entry7b.o
         0          0          0          0          0          0   entry8b.o
         8          4          0          0          0          0   entry9a.o
        30          0          0          0          0          0   handlers.o
        36          8          0          0          0         68   init.o
         0          0          0          0          0          0   iusefp.o
        30          0          0          0          0         68   llshl.o
        36          0          0          0          0         68   llsshr.o
        32          0          0          0          0         68   llushr.o
        36          0          0          0          0         68   memcpya.o
        36          0          0          0          0        108   memseta.o
      2342        100          0          0          0        772   printfa.o
         0          0          0          4          0          0   stdout.o
        28          0          0          0          0         76   strcmp.o
        14          0          0          0          0         68   strlen.o
        44          0          0          0          0         80   uidiv.o
        98          0          0          0          0         92   uldiv.o
        48          0          0          0          0         68   cdrcmple.o
        56          0          0          0          0         88   d2f.o
       334          0          0          0          0        148   dadd.o
       222          0          0          0          0        100   ddiv.o
       186          0          0          0          0        176   depilogue.o
        48          0          0          0          0         68   dfixul.o
        26          0          0          0          0         76   dfltui.o
       228          0          0          0          0         96   dmul.o
        38          0          0          0          0         68   f2d.o
       110          0          0          0          0        168   fepilogue.o

    ----------------------------------------------------------------------
      4086        116          0          4          0       2592   Library Totals
         4          0          0          0          0          0   (incl. Padding)

    ----------------------------------------------------------------------

      Code (inc. data)   RO Data    RW Data    ZI Data      Debug   Library Name

      2786        116          0          4          0       1536   mc_w.l
      1296          0          0          0          0       1056   mf_w.l

    ----------------------------------------------------------------------
      4086        116          0          4          0       2592   Library Totals

    ----------------------------------------------------------------------

==============================================================================


      Code (inc. data)   RO Data    RW Data    ZI Data      Debug   

     13296       1276       3368        100       4356     391717   Grand Totals
     13296       1276       3368        100       4356     391717   ELF Image Totals
     13296       1276       3368        100          0          0   ROM Totals

==============================================================================

    Total RO  Size (Code + RO Data)                16664 (  16.27kB)
    Total RW  Size (RW Data + ZI Data)              4456 (   4.35kB)
    Total ROM Size (Code + RO Data + RW Data)      16764 (  16.37kB)

==============================================================================

